Component: ARM Compiler 5.06 update 6 (build 750) Tool: armlink [4d35ed]

==============================================================================

Section Cross References

    system_arty_cm3.o(.text) refers to system_arty_cm3.o(.data) for SystemCoreClock
    startup_arty_cm3.o(STACK) refers (Special) to heapauxi.o(.text) for __use_two_region_memory
    startup_arty_cm3.o(HEAP) refers (Special) to heapauxi.o(.text) for __use_two_region_memory
    startup_arty_cm3.o(RESET) refers (Special) to heapauxi.o(.text) for __use_two_region_memory
    startup_arty_cm3.o(RESET) refers to startup_arty_cm3.o(STACK) for __initial_sp
    startup_arty_cm3.o(RESET) refers to startup_arty_cm3.o(.text) for Reset_Handler
    startup_arty_cm3.o(RESET) refers to uart.o(.text) for UART0_Handler
    startup_arty_cm3.o(RESET) refers to gpio.o(.text) for GPIO0_Handler
    startup_arty_cm3.o(RESET) refers to spi.o(.text) for QSPI0_Handler
    startup_arty_cm3.o(RESET) refers to main.o(.text) for DAPLinkFittedn
    startup_arty_cm3.o(.text) refers (Special) to heapauxi.o(.text) for __use_two_region_memory
    startup_arty_cm3.o(.text) refers to system_arty_cm3.o(.text) for SystemInit
    startup_arty_cm3.o(.text) refers to __main.o(!!!main) for __main
    startup_arty_cm3.o(.text) refers to startup_arty_cm3.o(HEAP) for Heap_Mem
    startup_arty_cm3.o(.text) refers to startup_arty_cm3.o(STACK) for Stack_Mem
    outbyte.o(.text) refers to xuartlite_l.o(.text) for XUartLite_SendByte
    print.o(.text) refers to outbyte.o(.text) for outbyte
    xil_assert.o(.text) refers to xil_assert.o(.data) for Xil_AssertCallbackRoutine
    xil_printf.o(.text) refers to outbyte.o(.text) for outbyte
    xil_printf.o(.text) refers to strlen.o(.text) for strlen
    xil_printf.o(.text) refers to rt_memcpy_w.o(.text) for __aeabi_memcpy4
    xil_printf.o(.text) refers to rt_ctype_table.o(.text) for __rt_ctype_table
    xil_printf.o(.text) refers to tolower.o(.text) for tolower
    main.o(.text) refers to _printf_percent.o(.ARM.Collect$$_printf_percent$$00000000) for _printf_percent
    main.o(.text) refers to _printf_x.o(.ARM.Collect$$_printf_percent$$0000000C) for _printf_x
    main.o(.text) refers to _printf_hex_int.o(.text) for _printf_longlong_hex
    main.o(.text) refers to _printf_i.o(.ARM.Collect$$_printf_percent$$00000008) for _printf_i
    main.o(.text) refers to _printf_s.o(.ARM.Collect$$_printf_percent$$00000014) for _printf_s
    main.o(.text) refers to _printf_dec.o(.text) for _printf_int_dec
    main.o(.text) refers to _printf_str.o(.text) for _printf_str
    main.o(.text) refers to rt_memcpy_w.o(.text) for __aeabi_memcpy4
    main.o(.text) refers to uart.o(.text) for InitialiseUART
    main.o(.text) refers to gpio.o(.text) for InitialiseGPIO
    main.o(.text) refers to print.o(.text) for print
    main.o(.text) refers to spi.o(.text) for InitialiseSPI
    main.o(.text) refers to strcpy.o(.text) for strcpy
    main.o(.text) refers to noretval__2sprintf.o(.text) for __2sprintf
    main.o(.text) refers to vdma_api.o(.text) for run_triple_frame_buffer
    main.o(.text) refers to xil_printf.o(.text) for xil_printf
    main.o(.text) refers to position.o(.text) for position_set
    main.o(.text) refers to tftspi.o(.text) for Lcd_Init
    main.o(.text) refers to recognition.o(.text) for recog
    main.o(.text) refers to main.o(.constdata) for .constdata
    main.o(.text) refers to main.o(.bss) for VdmaInstance
    main.o(.text) refers to main.o(.data) for P1_2_s
    main.o(.text) refers to tftspi.o(.data) for BACK_COLOR
    gpio.o(.text) refers to xgpio_sinit.o(.text) for XGpio_Initialize
    gpio.o(.text) refers to xgpio.o(.text) for XGpio_SetDataDirection
    gpio.o(.text) refers to xgpio_intr.o(.text) for XGpio_InterruptEnable
    gpio.o(.text) refers to position.o(.text) for position_set
    gpio.o(.text) refers to xil_printf.o(.text) for xil_printf
    gpio.o(.text) refers to gpio.o(.bss) for Gpio_RGBLed_PB
    gpio.o(.text) refers to main.o(.data) for P3_1_s
    spi.o(.text) refers to _printf_percent.o(.ARM.Collect$$_printf_percent$$00000000) for _printf_percent
    spi.o(.text) refers to _printf_i.o(.ARM.Collect$$_printf_percent$$00000008) for _printf_i
    spi.o(.text) refers to _printf_dec.o(.text) for _printf_int_dec
    spi.o(.text) refers to xspi_sinit.o(.text) for XSpi_Initialize
    spi.o(.text) refers to xspi.o(.text) for XSpi_Reset
    spi.o(.text) refers to noretval__2sprintf.o(.text) for __2sprintf
    spi.o(.text) refers to print.o(.text) for print
    spi.o(.text) refers to spi.o(.bss) for QSPI_base
    uart.o(.text) refers to xuartlite_sinit.o(.text) for XUartLite_Initialize
    uart.o(.text) refers to xuartlite_intr.o(.text) for XUartLite_SetSendHandler
    uart.o(.text) refers to xuartlite.o(.text) for XUartLite_Recv
    uart.o(.text) refers to uart.o(.data) for TotalReceivedCount
    uart.o(.text) refers to uart.o(.bss) for UART0_instance
[...]
    ../fplib/fmul.s                          0x00000000   Number         0  fmul.o ABSOLUTE
    ../fplib/fnaninf.s                       0x00000000   Number         0  fnaninf.o ABSOLUTE
    ../fplib/fpinit.s                        0x00000000   Number         0  fpinit.o ABSOLUTE
    ../fplib/fretinf.s                       0x00000000   Number         0  fretinf.o ABSOLUTE
    ../fplib/usenofp.s                       0x00000000   Number         0  usenofp.o ABSOLUTE
    ..\LICENSE PLATE RECOGNITION\position.c  0x00000000   Number         0  position.o ABSOLUTE
    ..\LICENSE PLATE RECOGNITION\recognition.c 0x00000000   Number         0  recognition.o ABSOLUTE
    ..\LICENSE PLATE RECOGNITION\study.c     0x00000000   Number         0  study.o ABSOLUTE
    ..\VDMA\vdma_api.c                       0x00000000   Number         0  vdma_api.o ABSOLUTE
    ..\\cmsis\\Device\\Source\\ARTY_CM3\\system_ARTY_CM3.c 0x00000000   Number         0  system_arty_cm3.o ABSOLUTE
    ..\\gpio\\gpio.c                         0x00000000   Number         0  gpio.o ABSOLUTE
    ..\\main\\main.c                         0x00000000   Number         0  main.o ABSOLUTE
    ..\\spi\\spi.c                           0x00000000   Number         0  spi.o ABSOLUTE
    ..\\uart\\uart.c                         0x00000000   Number         0  uart.o ABSOLUTE
    ..\cmsis\Device\Source\ARTY_CM3\ARM\startup_ARTY_CM3.s 0x00000000   Number         0  startup_arty_cm3.o ABSOLUTE
    ..\cmsis\Device\Source\ARTY_CM3\system_ARTY_CM3.c 0x00000000   Number         0  system_arty_cm3.o ABSOLUTE
    ..\gpio\gpio.c                           0x00000000   Number         0  gpio.o ABSOLUTE
    ..\main\main.c                           0x00000000   Number         0  main.o ABSOLUTE
    ..\sdk_workspace\standalone_bsp_0\Cortex_M3_0\libsrc\axivdma_v6_5\src\xaxivdma.c 0x00000000   Number         0  xaxivdma.o ABSOLUTE
    ..\sdk_workspace\standalone_bsp_0\Cortex_M3_0\libsrc\axivdma_v6_5\src\xaxivdma_channel.c 0x00000000   Number         0  xaxivdma_channel.o ABSOLUTE
    ..\sdk_workspace\standalone_bsp_0\Cortex_M3_0\libsrc\axivdma_v6_5\src\xaxivdma_g.c 0x00000000   Number         0  xaxivdma_g.o ABSOLUTE
    ..\sdk_workspace\standalone_bsp_0\Cortex_M3_0\libsrc\axivdma_v6_5\src\xaxivdma_intr.c 0x00000000   Number         0  xaxivdma_intr.o ABSOLUTE
    ..\sdk_workspace\standalone_bsp_0\Cortex_M3_0\libsrc\axivdma_v6_5\src\xaxivdma_selftest.c 0x00000000   Number         0  xaxivdma_selftest.o ABSOLUTE
    ..\sdk_workspace\standalone_bsp_0\Cortex_M3_0\libsrc\axivdma_v6_5\src\xaxivdma_sinit.c 0x00000000   Number         0  xaxivdma_sinit.o ABSOLUTE
    ..\sdk_workspace\standalone_bsp_0\Cortex_M3_0\libsrc\gpio_v4_3\src\xgpio.c 0x00000000   Number         0  xgpio.o ABSOLUTE
    ..\sdk_workspace\standalone_bsp_0\Cortex_M3_0\libsrc\gpio_v4_3\src\xgpio_extra.c 0x00000000   Number         0  xgpio_extra.o ABSOLUTE
    ..\sdk_workspace\standalone_bsp_0\Cortex_M3_0\libsrc\gpio_v4_3\src\xgpio_g.c 0x00000000   Number         0  xgpio_g.o ABSOLUTE
    ..\sdk_workspace\standalone_bsp_0\Cortex_M3_0\libsrc\gpio_v4_3\src\xgpio_intr.c 0x00000000   Number         0  xgpio_intr.o ABSOLUTE
    ..\sdk_workspace\standalone_bsp_0\Cortex_M3_0\libsrc\gpio_v4_3\src\xgpio_selftest.c 0x00000000   Number         0  xgpio_selftest.o ABSOLUTE
    ..\sdk_workspace\standalone_bsp_0\Cortex_M3_0\libsrc\gpio_v4_3\src\xgpio_sinit.c 0x00000000   Number         0  xgpio_sinit.o ABSOLUTE
    ..\sdk_workspace\standalone_bsp_0\Cortex_M3_0\libsrc\spi_v4_4\src\xspi.c 0x00000000   Number         0  xspi.o ABSOLUTE
    ..\sdk_workspace\standalone_bsp_0\Cortex_M3_0\libsrc\spi_v4_4\src\xspi_g.c 0x00000000   Number         0  xspi_g.o ABSOLUTE
    ..\sdk_workspace\standalone_bsp_0\Cortex_M3_0\libsrc\spi_v4_4\src\xspi_options.c 0x00000000   Number         0  xspi_options.o ABSOLUTE
    ..\sdk_workspace\standalone_bsp_0\Cortex_M3_0\libsrc\spi_v4_4\src\xspi_selftest.c 0x00000000   Number         0  xspi_selftest.o ABSOLUTE
    ..\sdk_workspace\standalone_bsp_0\Cortex_M3_0\libsrc\spi_v4_4\src\xspi_sinit.c 0x00000000   Number         0  xspi_sinit.o ABSOLUTE
    ..\sdk_workspace\standalone_bsp_0\Cortex_M3_0\libsrc\spi_v4_4\src\xspi_stats.c 0x00000000   Number         0  xspi_stats.o ABSOLUTE
    ..\sdk_workspace\standalone_bsp_0\Cortex_M3_0\libsrc\standalone_v6_7\src\outbyte.c 0x00000000   Number         0  outbyte.o ABSOLUTE
    ..\sdk_workspace\standalone_bsp_0\Cortex_M3_0\libsrc\standalone_v6_7\src\print.c 0x00000000   Number         0  print.o ABSOLUTE
    ..\sdk_workspace\standalone_bsp_0\Cortex_M3_0\libsrc\standalone_v6_7\src\xil_assert.c 0x00000000   Number         0  xil_assert.o ABSOLUTE
    ..\sdk_workspace\standalone_bsp_0\Cortex_M3_0\libsrc\standalone_v6_7\src\xil_printf.c 0x00000000   Number         0  xil_printf.o ABSOLUTE
    ..\sdk_workspace\standalone_bsp_0\Cortex_M3_0\libsrc\uartlite_v3_2\src\xuartlite.c 0x00000000   Number         0  xuartlite.o ABSOLUTE
    ..\sdk_workspace\standalone_bsp_0\Cortex_M3_0\libsrc\uartlite_v3_2\src\xuartlite_g.c 0x00000000   Number         0  xuartlite_g.o ABSOLUTE
    ..\sdk_workspace\standalone_bsp_0\Cortex_M3_0\libsrc\uartlite_v3_2\src\xuartlite_intr.c 0x00000000   Number         0  xuartlite_intr.o ABSOLUTE
    ..\sdk_workspace\standalone_bsp_0\Cortex_M3_0\libsrc\uartlite_v3_2\src\xuartlite_l.c 0x00000000   Number         0  xuartlite_l.o ABSOLUTE
    ..\sdk_workspace\standalone_bsp_0\Cortex_M3_0\libsrc\uartlite_v3_2\src\xuartlite_selftest.c 0x00000000   Number         0  xuartlite_selftest.o ABSOLUTE
    ..\sdk_workspace\standalone_bsp_0\Cortex_M3_0\libsrc\uartlite_v3_2\src\xuartlite_sinit.c 0x00000000   Number         0  xuartlite_sinit.o ABSOLUTE
    ..\sdk_workspace\standalone_bsp_0\Cortex_M3_0\libsrc\uartlite_v3_2\src\xuartlite_stats.c 0x00000000   Number         0  xuartlite_stats.o ABSOLUTE
    ..\spi\spi.c                             0x00000000   Number         0  spi.o ABSOLUTE
    ..\tft-spi\tftspi.c                      0x00000000   Number         0  tftspi.o ABSOLUTE
    ..\uart\uart.c                           0x00000000   Number         0  uart.o ABSOLUTE
    dc.s                                     0x00000000   Number         0  dc.o ABSOLUTE
    !!!main                                  0x000000c0   Section        8  __main.o(!!!main)
    !!!scatter                               0x000000c8   Section       52  __scatter.o(!!!scatter)
    !!dczerorl2                              0x000000fc   Section       90  __dczerorl2.o(!!dczerorl2)
    !!handler_zi                             0x00000158   Section       28  __scatter_zi.o(!!handler_zi)
    .ARM.Collect$$_printf_percent$$00000000  0x00000174   Section        0  _printf_percent.o(.ARM.Collect$$_printf_percent$$00000000)
    .ARM.Collect$$_printf_percent$$00000008  0x00000174   Section        6  _printf_i.o(.ARM.Collect$$_printf_percent$$00000008)
    .ARM.Collect$$_printf_percent$$0000000C  0x0000017a   Section        6  _printf_x.o(.ARM.Collect$$_printf_percent$$0000000C)
    .ARM.Collect$$_printf_percent$$00000014  0x00000180   Section        6  _printf_s.o(.ARM.Collect$$_printf_percent$$00000014)
    .ARM.Collect$$_printf_percent$$00000017  0x00000186   Section        4  _printf_percent_end.o(.ARM.Collect$$_printf_percent$$00000017)
    .ARM.Collect$$libinit$$00000000          0x0000018a   Section        2  libinit.o(.ARM.Collect$$libinit$$00000000)
    .ARM.Collect$$libinit$$00000002          0x0000018c   Section        0  libinit2.o(.ARM.Collect$$libinit$$00000002)
    .ARM.Collect$$libinit$$00000004          0x0000018c   Section        0  libinit2.o(.ARM.Collect$$libinit$$00000004)
    .ARM.Collect$$libinit$$0000000A          0x0000018c   Section        0  libinit2.o(.ARM.Collect$$libinit$$0000000A)
    .ARM.Collect$$libinit$$0000000C          0x0000018c   Section        0  libinit2.o(.ARM.Collect$$libinit$$0000000C)
    .ARM.Collect$$libinit$$0000000E          0x0000018c   Section        0  libinit2.o(.ARM.Collect$$libinit$$0000000E)
    .ARM.Collect$$libinit$$0000000F          0x0000018c   Section        6  libinit2.o(.ARM.Collect$$libinit$$0000000F)
    .ARM.Collect$$libinit$$00000011          0x00000192   Section        0  libinit2.o(.ARM.Collect$$libinit$$00000011)
    .ARM.Collect$$libinit$$00000012          0x00000192   Section       12  libinit2.o(.ARM.Collect$$libinit$$00000012)
    .ARM.Collect$$libinit$$00000013          0x0000019e   Section        0  libinit2.o(.ARM.Collect$$libinit$$00000013)
    .ARM.Collect$$libinit$$00000015          0x0000019e   Section        0  libinit2.o(.ARM.Collect$$libinit$$00000015)
    .ARM.Collect$$libinit$$00000017          0x0000019e   Section        0  libinit2.o(.ARM.Collect$$libinit$$00000017)
    .ARM.Collect$$libinit$$00000019          0x0000019e   Section        0  libinit2.o(.ARM.Collect$$libinit$$00000019)
    .ARM.Collect$$libinit$$0000001B          0x0000019e   Section        0  libinit2.o(.ARM.Collect$$libinit$$0000001B)
    .ARM.Collect$$libinit$$0000001D          0x0000019e   Section        0  libinit2.o(.ARM.Collect$$libinit$$0000001D)
    .ARM.Collect$$libinit$$0000001F          0x0000019e   Section        0  libinit2.o(.ARM.Collect$$libinit$$0000001F)
    .ARM.Collect$$libinit$$00000021          0x0000019e   Section        0  libinit2.o(.ARM.Collect$$libinit$$00000021)
    .ARM.Collect$$libinit$$00000023          0x0000019e   Section        0  libinit2.o(.ARM.Collect$$libinit$$00000023)
    .ARM.Collect$$libinit$$00000025          0x0000019e   Section        0  libinit2.o(.ARM.Collect$$libinit$$00000025)
    .ARM.Collect$$libinit$$0000002C          0x0000019e   Section        0  libinit2.o(.ARM.Collect$$libinit$$0000002C)
    .ARM.Collect$$libinit$$0000002E          0x0000019e   Section        0  libinit2.o(.ARM.Collect$$libinit$$0000002E)
    .ARM.Collect$$libinit$$00000030          0x0000019e   Section        0  libinit2.o(.ARM.Collect$$libinit$$00000030)
    .ARM.Collect$$libinit$$00000032          0x0000019e   Section        0  libinit2.o(.ARM.Collect$$libinit$$00000032)
    .ARM.Collect$$libinit$$00000033          0x0000019e   Section        2  libinit2.o(.ARM.Collect$$libinit$$00000033)
    .ARM.Collect$$libshutdown$$00000000      0x000001a0   Section        2  libshutdown.o(.ARM.Collect$$libshutdown$$00000000)
    .ARM.Collect$$libshutdown$$00000002      0x000001a2   Section        0  libshutdown2.o(.ARM.Collect$$libshutdown$$00000002)
    .ARM.Collect$$libshutdown$$00000004      0x000001a2   Section        0  libshutdown2.o(.ARM.Collect$$libshutdown$$00000004)
    .ARM.Collect$$libshutdown$$00000007      0x000001a2   Section        0  libshutdown2.o(.ARM.Collect$$libshutdown$$00000007)
    .ARM.Collect$$libshutdown$$0000000A      0x000001a2   Section        0  libshutdown2.o(.ARM.Collect$$libshutdown$$0000000A)
    .ARM.Collect$$libshutdown$$0000000C      0x000001a2   Section        0  libshutdown2.o(.ARM.Collect$$libshutdown$$0000000C)
    .ARM.Collect$$libshutdown$$0000000F      0x000001a2   Section        0  libshutdown2.o(.ARM.Collect$$libshutdown$$0000000F)
    .ARM.Collect$$libshutdown$$00000010      0x000001a2   Section        2  libshutdown2.o(.ARM.Collect$$libshutdown$$00000010)
    .ARM.Collect$$rtentry$$00000000          0x000001a4   Section        0  __rtentry.o(.ARM.Collect$$rtentry$$00000000)
    .ARM.Collect$$rtentry$$00000002          0x000001a4   Section        0  __rtentry2.o(.ARM.Collect$$rtentry$$00000002)
    .ARM.Collect$$rtentry$$00000004          0x000001a4   Section        6  __rtentry4.o(.ARM.Collect$$rtentry$$00000004)
    .ARM.Collect$$rtentry$$00000009          0x000001aa   Section        0  __rtentry2.o(.ARM.Collect$$rtentry$$00000009)
    .ARM.Collect$$rtentry$$0000000A          0x000001aa   Section        4  __rtentry2.o(.ARM.Collect$$rtentry$$0000000A)
    .ARM.Collect$$rtentry$$0000000C          0x000001ae   Section        0  __rtentry2.o(.ARM.Collect$$rtentry$$0000000C)
    .ARM.Collect$$rtentry$$0000000D          0x000001ae   Section        8  __rtentry2.o(.ARM.Collect$$rtentry$$0000000D)
    .ARM.Collect$$rtexit$$00000000           0x000001b6   Section        2  rtexit.o(.ARM.Collect$$rtexit$$00000000)
    .ARM.Collect$$rtexit$$00000002           0x000001b8   Section        0  rtexit2.o(.ARM.Collect$$rtexit$$00000002)
    .ARM.Collect$$rtexit$$00000003           0x000001b8   Section        4  rtexit2.o(.ARM.Collect$$rtexit$$00000003)
    .ARM.Collect$$rtexit$$00000004           0x000001bc   Section        6  rtexit2.o(.ARM.Collect$$rtexit$$00000004)
    .text                                    0x000001c4   Section        0  system_arty_cm3.o(.text)
    .text                                    0x000001dc   Section       64  startup_arty_cm3.o(.text)
    .text                                    0x0000021c   Section        0  outbyte.o(.text)
    .text                                    0x00000230   Section        0  print.o(.text)
    .text                                    0x00000248   Section        0  xil_assert.o(.text)
    .text                                    0x0000027c   Section        0  xil_printf.o(.text)
    padding                                  0x0000027d   Thumb Code    40  xil_printf.o(.text)
    outs                                     0x000002a5   Thumb Code    72  xil_printf.o(.text)
    outnum                                   0x000002ed   Thumb Code   178  xil_printf.o(.text)
    getnum                                   0x0000039f   Thumb Code   112  xil_printf.o(.text)
    .text                                    0x00000608   Section        0  main.o(.text)
    NVIC_EnableIRQ                           0x0000090d   Thumb Code    22  main.o(.text)
    NVIC_DisableIRQ                          0x00000923   Thumb Code    18  main.o(.text)
    .text                                    0x00000c14   Section        0  gpio.o(.text)
    .text                                    0x00000e50   Section        0  spi.o(.text)
    NVIC_ClearPendingIRQ                     0x0000110f   Thumb Code    18  spi.o(.text)
    Xil_In32                                 0x00001121   Thumb Code     6  spi.o(.text)
    Xil_Out32                                0x00001127   Thumb Code     6  spi.o(.text)
    .text                                    0x00001158   Section        0  uart.o(.text)
    .text                                    0x000011f0   Section        0  xgpio.o(.text)
    Xil_Out32                                0x00001421   Thumb Code     6  xgpio.o(.text)
    .text                                    0x00001430   Section        0  xgpio_intr.o(.text)
    Xil_In32                                 0x00001767   Thumb Code     6  xgpio_intr.o(.text)
    Xil_Out32                                0x0000176d   Thumb Code     6  xgpio_intr.o(.text)
    .text                                    0x0000177c   Section        0  xgpio_sinit.o(.text)
    .text                                    0x000017f0   Section        0  xspi.o(.text)
    StubStatusHandler                        0x0000188f   Thumb Code    26  xspi.o(.text)
    Xil_In32                                 0x00002255   Thumb Code     6  xspi.o(.text)
    Xil_Out32                                0x0000225b   Thumb Code     6  xspi.o(.text)
    .text                                    0x00002268   Section        0  xspi_options.o(.text)
    .text                                    0x0000238c   Section        0  xspi_sinit.o(.text)
    .text                                    0x00002400   Section        0  xuartlite.o(.text)
    StubHandler                              0x00002401   Thumb Code    24  xuartlite.o(.text)
    Xil_In32                                 0x000027ab   Thumb Code     6  xuartlite.o(.text)
    Xil_Out32                                0x000027b1   Thumb Code     6  xuartlite.o(.text)
    .text                                    0x000027c4   Section        0  xuartlite_intr.o(.text)
    SendDataHandler                          0x0000288d   Thumb Code    38  xuartlite_intr.o(.text)
    ReceiveDataHandler                       0x000028b3   Thumb Code    38  xuartlite_intr.o(.text)
    Xil_Out32                                0x000029c5   Thumb Code     6  xuartlite_intr.o(.text)
    .text                                    0x000029d4   Section        0  xuartlite_l.o(.text)
    .text                                    0x00002a04   Section        0  xuartlite_sinit.o(.text)
    .text                                    0x00002a74   Section        0  xuartlite_stats.o(.text)
    .text                                    0x00002b48   Section        0  vdma_api.o(.text)
    StartTransfer                            0x00002b49   Thumb Code    56  vdma_api.o(.text)
    ReadSetup                                0x00002b81   Thumb Code   142  vdma_api.o(.text)
    WriteSetup                               0x00002c0f   Thumb Code   158  vdma_api.o(.text)
    .text                                    0x00003108   Section        0  xaxivdma.o(.text)
    XAxiVdma_Major                           0x00003123   Thumb Code    20  xaxivdma.o(.text)
    Xil_In32                                 0x00003a8d   Thumb Code     6  xaxivdma.o(.text)
    Xil_Out32                                0x00003a93   Thumb Code     6  xaxivdma.o(.text)
    .text                                    0x00003aa0   Section        0  xaxivdma_channel.o(.text)
    XAxiVdma_BdWrite                         0x00003aa1   Thumb Code     4  xaxivdma_channel.o(.text)
    XAxiVdma_BdSetNextPtr                    0x00003aa5   Thumb Code    18  xaxivdma_channel.o(.text)
    XAxiVdma_BdSetAddr                       0x00003d19   Thumb Code    18  xaxivdma_channel.o(.text)
    XAxiVdma_BdRead                          0x00003e27   Thumb Code     6  xaxivdma_channel.o(.text)
    XAxiVdma_BdSetFrmDly                     0x00003e2d   Thumb Code    46  xaxivdma_channel.o(.text)
    XAxiVdma_BdSetStride                     0x00003e5b   Thumb Code    48  xaxivdma_channel.o(.text)
    XAxiVdma_BdSetHsize                      0x00003e8b   Thumb Code    34  xaxivdma_channel.o(.text)
    XAxiVdma_BdSetVsize                      0x00003ead   Thumb Code    34  xaxivdma_channel.o(.text)
    Xil_In32                                 0x0000432d   Thumb Code     6  xaxivdma_channel.o(.text)
    Xil_Out32                                0x00004333   Thumb Code     6  xaxivdma_channel.o(.text)
    .text                                    0x000043a8   Section        0  xaxivdma_intr.o(.text)
    .text                                    0x000045dc   Section        0  xaxivdma_sinit.o(.text)
    .text                                    0x0000460c   Section        0  recognition.o(.text)
    .text                                    0x00004c24   Section        0  position.o(.text)
    Xil_Out32                                0x00004c71   Thumb Code     6  position.o(.text)
    .text                                    0x00004c7c   Section        0  tftspi.o(.text)
    .text                                    0x0000557c   Section       16  rt_ctype_table.o(.text)
    .text                                    0x0000558c   Section        0  tolower.o(.text)
    .text                                    0x000055a8   Section        0  noretval__2sprintf.o(.text)
    .text                                    0x000055d0   Section        0  __printf.o(.text)
    .text                                    0x00005638   Section        0  _printf_str.o(.text)
    .text                                    0x0000568c   Section        0  _printf_dec.o(.text)
    .text                                    0x00005704   Section        0  _printf_hex_int.o(.text)
    .text                                    0x0000575c   Section        0  strcpy.o(.text)
    .text                                    0x000057a4   Section        0  strlen.o(.text)
    .text                                    0x000057e2   Section      100  rt_memcpy_w.o(.text)
    .text                                    0x00005846   Section       68  rt_memclr.o(.text)
    .text                                    0x0000588a   Section       78  rt_memclr_w.o(.text)
    .text                                    0x000058d8   Section        0  heapauxi.o(.text)
    .text                                    0x000058e0   Section        8  rt_locale_intlibspace.o(.text)
    .text                                    0x000058e8   Section        0  _printf_intcommon.o(.text)
    .text                                    0x0000599c   Section        0  _printf_char_common.o(.text)
    _printf_input_char                       0x0000599d   Thumb Code    10  _printf_char_common.o(.text)
    .text                                    0x000059cc   Section        0  _sputc.o(.text)
    .text                                    0x000059d6   Section        0  _printf_char.o(.text)
    .text                                    0x00005a04   Section        8  libspace.o(.text)
    .text                                    0x00005a0c   Section      128  strcmpv7m.o(.text)
    .text                                    0x00005a8c   Section       74  sys_stackheap_outer.o(.text)
    .text                                    0x00005ad6   Section        0  exit.o(.text)
    .text                                    0x00005ae8   Section        0  sys_exit.o(.text)
    .text                                    0x00005af4   Section        2  use_no_semi.o(.text)
    .text                                    0x00005af6   Section        0  indicate_semi.o(.text)
    locale$$code                             0x00005af8   Section       44  lc_ctype_c.o(locale$$code)
    x$fpl$ffixu                              0x00005b24   Section       62  ffixu.o(x$fpl$ffixu)
    x$fpl$fmul                               0x00005b64   Section      258  fmul.o(x$fpl$fmul)
    x$fpl$fnaninf                            0x00005c66   Section      140  fnaninf.o(x$fpl$fnaninf)
    x$fpl$fretinf                            0x00005cf2   Section       10  fretinf.o(x$fpl$fretinf)
    .constdata                               0x00005cfc   Section       32  main.o(.constdata)
    x$fpl$usenofp                            0x00005cfc   Section        0  usenofp.o(x$fpl$usenofp)
    .constdata                               0x00005d1c   Section     6320  tftspi.o(.constdata)
    .constdata                               0x000075cc   Section       40  _printf_hex_int.o(.constdata)
    uc_hextab                                0x000075cc   Data          20  _printf_hex_int.o(.constdata)
    lc_hextab                                0x000075e0   Data          20  _printf_hex_int.o(.constdata)
    .conststring                             0x000075f4   Section       75  xgpio.o(.conststring)
    .conststring                             0x00007640   Section       80  xgpio_intr.o(.conststring)
    .conststring                             0x00007690   Section       81  xgpio_sinit.o(.conststring)
    .conststring                             0x000076e4   Section       73  xspi.o(.conststring)
    .conststring                             0x00007730   Section       81  xspi_options.o(.conststring)
    .conststring                             0x00007784   Section       79  xspi_sinit.o(.conststring)
    .conststring                             0x000077d4   Section       83  xuartlite.o(.conststring)
    .conststring                             0x00007828   Section       88  xuartlite_intr.o(.conststring)
    .conststring                             0x00007880   Section       89  xuartlite_sinit.o(.conststring)
    .conststring                             0x000078dc   Section       89  xuartlite_stats.o(.conststring)
    .conststring                             0x00007938   Section       81  xaxivdma.o(.conststring)
    .conststring                             0x0000798c   Section       86  xaxivdma_intr.o(.conststring)
    locale$$data                             0x00007a04   Section      272  lc_ctype_c.o(locale$$data)
    __lcctype_c_name                         0x00007a08   Data           2  lc_ctype_c.o(locale$$data)
    __lcctype_c_start                        0x00007a10   Data           0  lc_ctype_c.o(locale$$data)
    __lcctype_c_end                          0x00007b14   Data           0  lc_ctype_c.o(locale$$data)
    .data                                    0x20000000   Section        4  system_arty_cm3.o(.data)
    .data                                    0x20000004   Section       12  xil_assert.o(.data)
    Xil_AssertCallbackRoutine                0x2000000c   Data           4  xil_assert.o(.data)
    .data                                    0x20000010   Section       14  main.o(.data)
    .data                                    0x20000020   Section       12  uart.o(.data)
    TotalReceivedCount                       0x20000020   Data           4  uart.o(.data)
    TotalSentCount                           0x20000024   Data           4  uart.o(.data)
    BytesRx                                  0x20000028   Data           4  uart.o(.data)
    .data                                    0x2000002c   Section       64  xgpio_g.o(.data)
    .data                                    0x2000006c   Section      140  xspi_g.o(.data)
    .data                                    0x200000f8   Section       40  xspi_options.o(.data)
    OptionsTable                             0x200000f8   Data          40  xspi_options.o(.data)
    .data                                    0x20000120   Section       16  xuartlite_g.o(.data)
    .data                                    0x20000130   Section        4  vdma_api.o(.data)
    context_init                             0x20000130   Data           4  vdma_api.o(.data)
    .data                                    0x20000134   Section      124  xaxivdma_g.o(.data)
    .data                                    0x200001b0   Section       29  recognition.o(.data)
    recog_flag                               0x200001b0   Data           1  recognition.o(.data)
    Number_Char_temp                         0x200001b4   Data           4  recognition.o(.data)
    k                                        0x200001cc   Data           1  recognition.o(.data)
    .data                                    0x200001d0   Section      868  tftspi.o(.data)
    .bss                                     0x20000540   Section     2432  main.o(.bss)
    .bss                                     0x20000ec0   Section       48  gpio.o(.bss)
    Gpio_RGBLed_PB                           0x20000ec0   Data          16  gpio.o(.bss)
    Gpio_DAPLink                             0x20000ed0   Data          16  gpio.o(.bss)
    Gpio_Boundary                            0x20000ee0   Data          16  gpio.o(.bss)
    .bss                                     0x20000ef0   Section      604  spi.o(.bss)
    QSPI_base                                0x20000ef0   Data          92  spi.o(.bss)
    QSPI_base_tx_buf                         0x20000f4c   Data         256  spi.o(.bss)
    QSPI_base_rx_buf                         0x2000104c   Data         256  spi.o(.bss)
    .bss                                     0x2000114c   Section      588  uart.o(.bss)
    UART0_instance                           0x2000114c   Data          76  uart.o(.bss)
    .bss                                     0x20001398   Section      368  vdma_api.o(.bss)
    .bss                                     0x20001508   Section      108  tftspi.o(.bss)
    spi                                      0x20001508   Data          16  tftspi.o(.bss)
    TFTSPI                                   0x20001518   Data          92  tftspi.o(.bss)
    .bss                                     0x20001574   Section       96  libspace.o(.bss)
    HEAP                                     0x200015d8   Section     3072  startup_arty_cm3.o(HEAP)
    Heap_Mem                                 0x200015d8   Data        3072  startup_arty_cm3.o(HEAP)
    STACK                                    0x200021d8   Section     1024  startup_arty_cm3.o(STACK)
    Stack_Mem                                0x200021d8   Data        1024  startup_arty_cm3.o(STACK)
    __initial_sp                             0x200025d8   Data           0  startup_arty_cm3.o(STACK)

    Global Symbols

    Symbol Name                              Value     Ov Type        Size  Object(Section)

    BuildAttributes$$THM_ISAv4$P$D$K$B$S$PE$A:L22UL41UL21$X:L11$S22US41US21$IEEE1$IW$USESV6$~STKCKD$USESV7$~SHL$OSPACE$ROPI$EBA8$UX$STANDARDLIB$REQ8$PRES8$EABIv2 0x00000000   Number         0  anon$$obj.o ABSOLUTE
    __ARM_use_no_argv                        0x00000000   Number         0  main.o ABSOLUTE
    __Vectors                                0x00000000   Data           4  startup_arty_cm3.o(RESET)
    __ARM_exceptions_init                     - Undefined Weak Reference
    __alloca_initialize                       - Undefined Weak Reference
    __arm_preinit_                            - Undefined Weak Reference
    __cpp_initialize__aeabi_                  - Undefined Weak Reference
    __cxa_finalize                            - Undefined Weak Reference
    __sigvec_lookup                           - Undefined Weak Reference
    _atexit_init                              - Undefined Weak Reference
    _call_atexit_fns                          - Undefined Weak Reference
    _clock_init                               - Undefined Weak Reference
    _fp_trap_init                             - Undefined Weak Reference
    _fp_trap_shutdown                         - Undefined Weak Reference
    _get_lc_collate                           - Undefined Weak Reference
    _get_lc_monetary                          - Undefined Weak Reference
    _get_lc_numeric                           - Undefined Weak Reference
    _get_lc_time                              - Undefined Weak Reference
    _getenv_init                              - Undefined Weak Reference
    _handle_redirection                       - Undefined Weak Reference
    _init_alloc                               - Undefined Weak Reference
    _init_user_alloc                          - Undefined Weak Reference
    _initio                                   - Undefined Weak Reference
    _printf_mbtowc                            - Undefined Weak Reference
    _printf_post_padding                      - Undefined Weak Reference
    _printf_pre_padding                       - Undefined Weak Reference
    _printf_truncate_signed                   - Undefined Weak Reference
    _printf_truncate_unsigned                 - Undefined Weak Reference
    _rand_init                                - Undefined Weak Reference
    _signal_finish                            - Undefined Weak Reference
    _signal_init                              - Undefined Weak Reference
    _terminate_alloc                          - Undefined Weak Reference
    _terminate_user_alloc                     - Undefined Weak Reference
    _terminateio                              - Undefined Weak Reference
    __Vectors_End                            0x000000c0   Data           0  startup_arty_cm3.o(RESET)
    __Vectors_Size                           0x000000c0   Number         0  startup_arty_cm3.o ABSOLUTE
    __main                                   0x000000c1   Thumb Code     8  __main.o(!!!main)
    __scatterload                            0x000000c9   Thumb Code     0  __scatter.o(!!!scatter)
    __scatterload_rt2                        0x000000c9   Thumb Code    44  __scatter.o(!!!scatter)
    __scatterload_rt2_thumb_only             0x000000c9   Thumb Code     0  __scatter.o(!!!scatter)
    __scatterload_null                       0x000000d7   Thumb Code     0  __scatter.o(!!!scatter)
    __decompress                             0x000000fd   Thumb Code    90  __dczerorl2.o(!!dczerorl2)
    __decompress1                            0x000000fd   Thumb Code     0  __dczerorl2.o(!!dczerorl2)
    __scatterload_zeroinit                   0x00000159   Thumb Code    28  __scatter_zi.o(!!handler_zi)
    _printf_i                                0x00000175   Thumb Code     0  _printf_i.o(.ARM.Collect$$_printf_percent$$00000008)
    _printf_percent                          0x00000175   Thumb Code     0  _printf_percent.o(.ARM.Collect$$_printf_percent$$00000000)
    _printf_x                                0x0000017b   Thumb Code     0  _printf_x.o(.ARM.Collect$$_printf_percent$$0000000C)
    _printf_s                                0x00000181   Thumb Code     0  _printf_s.o(.ARM.Collect$$_printf_percent$$00000014)
    _printf_percent_end                      0x00000187   Thumb Code     0  _printf_percent_end.o(.ARM.Collect$$_printf_percent$$00000017)
    __rt_lib_init                            0x0000018b   Thumb Code     0  libinit.o(.ARM.Collect$$libinit$$00000000)
    __rt_lib_init_fp_1                       0x0000018d   Thumb Code     0  libinit2.o(.ARM.Collect$$libinit$$00000002)
    __rt_lib_init_heap_1                     0x0000018d   Thumb Code     0  libinit2.o(.ARM.Collect$$libinit$$0000000A)
    __rt_lib_init_lc_common                  0x0000018d   Thumb Code     0  libinit2.o(.ARM.Collect$$libinit$$0000000F)
    __rt_lib_init_preinit_1                  0x0000018d   Thumb Code     0  libinit2.o(.ARM.Collect$$libinit$$00000004)
    __rt_lib_init_rand_1                     0x0000018d   Thumb Code     0  libinit2.o(.ARM.Collect$$libinit$$0000000E)
    __rt_lib_init_user_alloc_1               0x0000018d   Thumb Code     0  libinit2.o(.ARM.Collect$$libinit$$0000000C)
    __rt_lib_init_lc_collate_1               0x00000193   Thumb Code     0  libinit2.o(.ARM.Collect$$libinit$$00000011)
    __rt_lib_init_lc_ctype_2                 0x00000193   Thumb Code     0  libinit2.o(.ARM.Collect$$libinit$$00000012)
    __rt_lib_init_alloca_1                   0x0000019f   Thumb Code     0  libinit2.o(.ARM.Collect$$libinit$$0000002E)
    __rt_lib_init_argv_1                     0x0000019f   Thumb Code     0  libinit2.o(.ARM.Collect$$libinit$$0000002C)
    __rt_lib_init_atexit_1                   0x0000019f   Thumb Code     0  libinit2.o(.ARM.Collect$$libinit$$0000001B)
    __rt_lib_init_clock_1                    0x0000019f   Thumb Code     0  libinit2.o(.ARM.Collect$$libinit$$00000021)
    __rt_lib_init_cpp_1                      0x0000019f   Thumb Code     0  libinit2.o(.ARM.Collect$$libinit$$00000032)
    __rt_lib_init_exceptions_1               0x0000019f   Thumb Code     0  libinit2.o(.ARM.Collect$$libinit$$00000030)
    __rt_lib_init_fp_trap_1                  0x0000019f   Thumb Code     0  libinit2.o(.ARM.Collect$$libinit$$0000001F)
    __rt_lib_init_getenv_1                   0x0000019f   Thumb Code     0  libinit2.o(.ARM.Collect$$libinit$$00000023)
    __rt_lib_init_lc_ctype_1                 0x0000019f   Thumb Code     0  libinit2.o(.ARM.Collect$$libinit$$00000013)
    __rt_lib_init_lc_monetary_1              0x0000019f   Thumb Code     0  libinit2.o(.ARM.Collect$$libinit$$00000015)
    __rt_lib_init_lc_numeric_1               0x0000019f   Thumb Code     0  libinit2.o(.ARM.Collect$$libinit$$00000017)
    __rt_lib_init_lc_time_1                  0x0000019f   Thumb Code     0  libinit2.o(.ARM.Collect$$libinit$$00000019)
    __rt_lib_init_return                     0x0000019f   Thumb Code     0  libinit2.o(.ARM.Collect$$libinit$$00000033)
    __rt_lib_init_signal_1                   0x0000019f   Thumb Code     0  libinit2.o(.ARM.Collect$$libinit$$0000001D)
    __rt_lib_init_stdio_1                    0x0000019f   Thumb Code     0  libinit2.o(.ARM.Collect$$libinit$$00000025)
    __rt_lib_shutdown                        0x000001a1   Thumb Code     0  libshutdown.o(.ARM.Collect$$libshutdown$$00000000)
    __rt_lib_shutdown_cpp_1                  0x000001a3   Thumb Code     0  libshutdown2.o(.ARM.Collect$$libshutdown$$00000002)
    __rt_lib_shutdown_fp_trap_1              0x000001a3   Thumb Code     0  libshutdown2.o(.ARM.Collect$$libshutdown$$00000007)
    __rt_lib_shutdown_heap_1                 0x000001a3   Thumb Code     0  libshutdown2.o(.ARM.Collect$$libshutdown$$0000000F)
    __rt_lib_shutdown_return                 0x000001a3   Thumb Code     0  libshutdown2.o(.ARM.Collect$$libshutdown$$00000010)
    __rt_lib_shutdown_signal_1               0x000001a3   Thumb Code     0  libshutdown2.o(.ARM.Collect$$libshutdown$$0000000A)
    __rt_lib_shutdown_stdio_1                0x000001a3   Thumb Code     0  libshutdown2.o(.ARM.Collect$$libshutdown$$00000004)
    __rt_lib_shutdown_user_alloc_1           0x000001a3   Thumb Code     0  libshutdown2.o(.ARM.Collect$$libshutdown$$0000000C)
    __rt_entry                               0x000001a5   Thumb Code     0  __rtentry.o(.ARM.Collect$$rtentry$$00000000)
    __rt_entry_presh_1                       0x000001a5   Thumb Code     0  __rtentry2.o(.ARM.Collect$$rtentry$$00000002)
    __rt_entry_sh                            0x000001a5   Thumb Code     0  __rtentry4.o(.ARM.Collect$$rtentry$$00000004)
    __rt_entry_li                            0x000001ab   Thumb Code     0  __rtentry2.o(.ARM.Collect$$rtentry$$0000000A)
    __rt_entry_postsh_1                      0x000001ab   Thumb Code     0  __rtentry2.o(.ARM.Collect$$rtentry$$00000009)
    __rt_entry_main                          0x000001af   Thumb Code     0  __rtentry2.o(.ARM.Collect$$rtentry$$0000000D)
    __rt_entry_postli_1                      0x000001af   Thumb Code     0  __rtentry2.o(.ARM.Collect$$rtentry$$0000000C)
    __rt_exit                                0x000001b7   Thumb Code     0  rtexit.o(.ARM.Collect$$rtexit$$00000000)
    __rt_exit_ls                             0x000001b9   Thumb Code     0  rtexit2.o(.ARM.Collect$$rtexit$$00000003)
    __rt_exit_prels_1                        0x000001b9   Thumb Code     0  rtexit2.o(.ARM.Collect$$rtexit$$00000002)
    __rt_exit_exit                           0x000001bd   Thumb Code     0  rtexit2.o(.ARM.Collect$$rtexit$$00000004)
    SystemCoreClockUpdate                    0x000001c5   Thumb Code     8  system_arty_cm3.o(.text)
    SystemInit                               0x000001cd   Thumb Code     8  system_arty_cm3.o(.text)
    Reset_Handler                            0x000001dd   Thumb Code     8  startup_arty_cm3.o(.text)
    NMI_Handler                              0x000001e5   Thumb Code     2  startup_arty_cm3.o(.text)
    HardFault_Handler                        0x000001e7   Thumb Code     2  startup_arty_cm3.o(.text)
    MemManage_Handler                        0x000001e9   Thumb Code     2  startup_arty_cm3.o(.text)
    BusFault_Handler                         0x000001eb   Thumb Code     2  startup_arty_cm3.o(.text)
    UsageFault_Handler                       0x000001ed   Thumb Code     2  startup_arty_cm3.o(.text)
    SVC_Handler                              0x000001ef   Thumb Code     2  startup_arty_cm3.o(.text)
    DebugMon_Handler                         0x000001f1   Thumb Code     2  startup_arty_cm3.o(.text)
    PendSV_Handler                           0x000001f3   Thumb Code     2  startup_arty_cm3.o(.text)
    SysTick_Handler                          0x000001f5   Thumb Code     2  startup_arty_cm3.o(.text)
    GPIO1_Handler                            0x000001f7   Thumb Code     0  startup_arty_cm3.o(.text)
    Unused_IRQ10                             0x000001f7   Thumb Code     0  startup_arty_cm3.o(.text)
    Unused_IRQ11                             0x000001f7   Thumb Code     0  startup_arty_cm3.o(.text)
    Unused_IRQ12                             0x000001f7   Thumb Code     0  startup_arty_cm3.o(.text)
    Unused_IRQ13                             0x000001f7   Thumb Code     0  startup_arty_cm3.o(.text)
    Unused_IRQ14                             0x000001f7   Thumb Code     0  startup_arty_cm3.o(.text)
    Unused_IRQ15                             0x000001f7   Thumb Code     0  startup_arty_cm3.o(.text)
    Unused_IRQ16                             0x000001f7   Thumb Code     0  startup_arty_cm3.o(.text)
    Unused_IRQ17                             0x000001f7   Thumb Code     0  startup_arty_cm3.o(.text)
    Unused_IRQ18                             0x000001f7   Thumb Code     0  startup_arty_cm3.o(.text)
    Unused_IRQ19                             0x000001f7   Thumb Code     0  startup_arty_cm3.o(.text)
    Unused_IRQ20                             0x000001f7   Thumb Code     0  startup_arty_cm3.o(.text)
    Unused_IRQ21                             0x000001f7   Thumb Code     0  startup_arty_cm3.o(.text)
    Unused_IRQ22                             0x000001f7   Thumb Code     0  startup_arty_cm3.o(.text)
    Unused_IRQ23                             0x000001f7   Thumb Code     0  startup_arty_cm3.o(.text)
    Unused_IRQ24                             0x000001f7   Thumb Code     0  startup_arty_cm3.o(.text)
    Unused_IRQ25                             0x000001f7   Thumb Code     0  startup_arty_cm3.o(.text)
    Unused_IRQ26                             0x000001f7   Thumb Code     0  startup_arty_cm3.o(.text)
    Unused_IRQ27                             0x000001f7   Thumb Code     0  startup_arty_cm3.o(.text)
    Unused_IRQ28                             0x000001f7   Thumb Code     0  startup_arty_cm3.o(.text)
    Unused_IRQ29                             0x000001f7   Thumb Code     0  startup_arty_cm3.o(.text)
    Unused_IRQ30                             0x000001f7   Thumb Code     0  startup_arty_cm3.o(.text)
    Unused_IRQ31                             0x000001f7   Thumb Code     0  startup_arty_cm3.o(.text)
    Unused_IRQ8                              0x000001f7   Thumb Code     0  startup_arty_cm3.o(.text)
    Unused_IRQ9                              0x000001f7   Thumb Code     0  startup_arty_cm3.o(.text)
    __user_initial_stackheap                 0x000001f9   Thumb Code    10  startup_arty_cm3.o(.text)
    outbyte                                  0x0000021d   Thumb Code    14  outbyte.o(.text)
    print                                    0x00000231   Thumb Code    22  print.o(.text)
    Xil_Assert                               0x00000249   Thumb Code    34  xil_assert.o(.text)
    Xil_AssertSetCallback                    0x0000026b   Thumb Code     6  xil_assert.o(.text)
    XNullHandler                             0x00000271   Thumb Code     2  xil_assert.o(.text)
    xil_printf                               0x0000040f   Thumb Code   484  xil_printf.o(.text)
    main                                     0x00000609   Thumb Code   748  main.o(.text)
    DAPLinkFittedn                           0x000008f5   Thumb Code    24  main.o(.text)
    InitialiseGPIO                           0x00000c15   Thumb Code   106  gpio.o(.text)
    EnableGPIOInterrupts                     0x00000c7f   Thumb Code    18  gpio.o(.text)
    SetDAPLinkQSPIMode                       0x00000c91   Thumb Code    16  gpio.o(.text)
    IncLeds                                  0x00000ca1   Thumb Code    26  gpio.o(.text)
    delays                                   0x00000cbb   Thumb Code    16  gpio.o(.text)
    blink                                    0x00000ccb   Thumb Code    44  gpio.o(.text)
    GPIO0_Handler                            0x00000cf7   Thumb Code   230  gpio.o(.text)
    boundary_set                             0x00000ddd   Thumb Code    38  gpio.o(.text)
    InitialiseSPI                            0x00000e51   Thumb Code    58  spi.o(.text)
    DisableSPIInterrupts                     0x00000e8b   Thumb Code    18  spi.o(.text)
    InitQSPIBaseFlash                        0x00000e9d   Thumb Code    76  spi.o(.text)
    WriteQSPIBaseFlash                       0x00000ee9   Thumb Code   138  spi.o(.text)
    ReadQSPIBaseFlash                        0x00000f73   Thumb Code   124  spi.o(.text)
    WriteSPIData                             0x00000fef   Thumb Code   248  spi.o(.text)
    QSPI0_Handler                            0x000010e7   Thumb Code    10  spi.o(.text)
    DAP_QSPI0_Handler                        0x000010f1   Thumb Code    10  spi.o(.text)
    DAP_SPI0_Handler                         0x000010fb   Thumb Code    10  spi.o(.text)
    DAP_QSPI_XIP_Handler                     0x00001105   Thumb Code    10  spi.o(.text)
    RecvHandler                              0x00001159   Thumb Code     6  uart.o(.text)
    SendHandler                              0x0000115f   Thumb Code     6  uart.o(.text)
    InitialiseUART                           0x00001165   Thumb Code    58  uart.o(.text)
    CheckUARTRxBytes                         0x0000119f   Thumb Code    22  uart.o(.text)
    EnableUARTInterrupts                     0x000011b5   Thumb Code    10  uart.o(.text)
    UART0_Handler                            0x000011bf   Thumb Code    26  uart.o(.text)
    XGpio_CfgInitialize                      0x000011f1   Thumb Code    56  xgpio.o(.text)
    XGpio_SetDataDirection                   0x00001229   Thumb Code   126  xgpio.o(.text)
    XGpio_GetDataDirection                   0x000012a7   Thumb Code   126  xgpio.o(.text)
    XGpio_DiscreteRead                       0x00001325   Thumb Code   126  xgpio.o(.text)
    XGpio_DiscreteWrite                      0x000013a3   Thumb Code   126  xgpio.o(.text)
    XGpio_InterruptGlobalEnable              0x00001431   Thumb Code   110  xgpio_intr.o(.text)
    XGpio_InterruptGlobalDisable             0x0000149f   Thumb Code   108  xgpio_intr.o(.text)
    XGpio_InterruptEnable                    0x0000150b   Thumb Code   124  xgpio_intr.o(.text)
    XGpio_InterruptDisable                   0x00001587   Thumb Code   124  xgpio_intr.o(.text)
    XGpio_InterruptClear                     0x00001603   Thumb Code   124  xgpio_intr.o(.text)
    XGpio_InterruptGetEnabled                0x0000167f   Thumb Code   116  xgpio_intr.o(.text)
    XGpio_InterruptGetStatus                 0x000016f3   Thumb Code   116  xgpio_intr.o(.text)
    XGpio_LookupConfig                       0x0000177d   Thumb Code    38  xgpio_sinit.o(.text)
    XGpio_Initialize                         0x000017a3   Thumb Code    64  xgpio_sinit.o(.text)
    XSpi_Abort                               0x000017f1   Thumb Code    62  xspi.o(.text)
    XSpi_Reset                               0x0000182f   Thumb Code    96  xspi.o(.text)
    XSpi_CfgInitialize                       0x000018a9   Thumb Code   374  xspi.o(.text)
    XSpi_Start                               0x00001a1f   Thumb Code   164  xspi.o(.text)
    XSpi_Stop                                0x00001ac3   Thumb Code   124  xspi.o(.text)
    XSpi_Transfer                            0x00001b3f   Thumb Code   872  xspi.o(.text)
    XSpi_SetSlaveSelect                      0x00001ea7   Thumb Code   130  xspi.o(.text)
    XSpi_GetSlaveSelect                      0x00001f29   Thumb Code    76  xspi.o(.text)
    XSpi_SetStatusHandler                    0x00001f75   Thumb Code   106  xspi.o(.text)
    XSpi_InterruptHandler                    0x00001fdf   Thumb Code   630  xspi.o(.text)
    XSpi_SetOptions                          0x00002269   Thumb Code   164  xspi_options.o(.text)
    XSpi_GetOptions                          0x0000230d   Thumb Code   116  xspi_options.o(.text)
    XSpi_LookupConfig                        0x0000238d   Thumb Code    44  xspi_sinit.o(.text)
    XSpi_Initialize                          0x000023b9   Thumb Code    60  xspi_sinit.o(.text)
    XUartLite_CfgInitialize                  0x00002419   Thumb Code    88  xuartlite.o(.text)
    XUartLite_SendBuffer                     0x00002471   Thumb Code   126  xuartlite.o(.text)
    XUartLite_Send                           0x000024ef   Thumb Code   190  xuartlite.o(.text)
    XUartLite_ReceiveBuffer                  0x000025ad   Thumb Code   156  xuartlite.o(.text)
    XUartLite_Recv                           0x00002649   Thumb Code   198  xuartlite.o(.text)
    XUartLite_ResetFifos                     0x0000270f   Thumb Code   100  xuartlite.o(.text)
    XUartLite_IsSending                      0x00002773   Thumb Code    56  xuartlite.o(.text)
    XUartLite_SetRecvHandler                 0x000027c5   Thumb Code   100  xuartlite_intr.o(.text)
    XUartLite_SetSendHandler                 0x00002829   Thumb Code   100  xuartlite_intr.o(.text)
    XUartLite_InterruptHandler               0x000028d9   Thumb Code    72  xuartlite_intr.o(.text)
    XUartLite_DisableInterrupt               0x00002921   Thumb Code    82  xuartlite_intr.o(.text)
    XUartLite_EnableInterrupt                0x00002973   Thumb Code    82  xuartlite_intr.o(.text)
    XUartLite_SendByte                       0x000029d5   Thumb Code    24  xuartlite_l.o(.text)
    XUartLite_RecvByte                       0x000029ed   Thumb Code    24  xuartlite_l.o(.text)
    XUartLite_LookupConfig                   0x00002a05   Thumb Code    38  xuartlite_sinit.o(.text)
    XUartLite_Initialize                     0x00002a2b   Thumb Code    60  xuartlite_sinit.o(.text)
    XUartLite_GetStats                       0x00002a75   Thumb Code   122  xuartlite_stats.o(.text)
    XUartLite_ClearStats                     0x00002aef   Thumb Code    82  xuartlite_stats.o(.text)
    run_triple_frame_buffer                  0x00002cad   Thumb Code  1112  vdma_api.o(.text)
    XAxiVdma_GetChannel                      0x00003109   Thumb Code    26  xaxivdma.o(.text)
    XAxiVdma_CfgInitialize                   0x00003137   Thumb Code   606  xaxivdma.o(.text)
    XAxiVdma_Reset                           0x00003395   Thumb Code    36  xaxivdma.o(.text)
    XAxiVdma_ResetNotDone                    0x000033b9   Thumb Code    30  xaxivdma.o(.text)
    XAxiVdma_IsBusy                          0x000033d7   Thumb Code    38  xaxivdma.o(.text)
    XAxiVdma_CurrFrameStore                  0x000033fd   Thumb Code    48  xaxivdma.o(.text)
    XAxiVdma_GetVersion                      0x0000342d   Thumb Code    16  xaxivdma.o(.text)
    XAxiVdma_GetStatus                       0x0000343d   Thumb Code    42  xaxivdma.o(.text)
    XAxiVdma_SetLineBufThreshold             0x00003467   Thumb Code    84  xaxivdma.o(.text)
    XAxiVdma_FsyncSrcSelect                  0x000034bb   Thumb Code   160  xaxivdma.o(.text)
    XAxiVdma_GenLockSourceSelect             0x0000355b   Thumb Code   174  xaxivdma.o(.text)
    XAxiVdma_StartParking                    0x00003609   Thumb Code   150  xaxivdma.o(.text)
    XAxiVdma_StopParking                     0x0000369f   Thumb Code    34  xaxivdma.o(.text)
    XAxiVdma_StartFrmCntEnable               0x000036c1   Thumb Code    28  xaxivdma.o(.text)
    XAxiVdma_SetBdAddrs                      0x000036dd   Thumb Code    78  xaxivdma.o(.text)
    XAxiVdma_StartWriteFrame                 0x0000372b   Thumb Code    34  xaxivdma.o(.text)
    XAxiVdma_StartReadFrame                  0x0000374d   Thumb Code    34  xaxivdma.o(.text)
    XAxiVdma_DmaConfig                       0x0000376f   Thumb Code    46  xaxivdma.o(.text)
    XAxiVdma_DmaSetBufferAddr                0x0000379d   Thumb Code    48  xaxivdma.o(.text)
    XAxiVdma_DmaStart                        0x000037cd   Thumb Code    38  xaxivdma.o(.text)
    XAxiVdma_DmaStop                         0x000037f3   Thumb Code    34  xaxivdma.o(.text)
    XAxiVdma_DmaRegisterDump                 0x00003815   Thumb Code    34  xaxivdma.o(.text)
    XAxiVdma_SetFrameCounter                 0x00003837   Thumb Code   186  xaxivdma.o(.text)
    XAxiVdma_GetFrameCounter                 0x000038f1   Thumb Code   180  xaxivdma.o(.text)
    XAxiVdma_SetFrmStore                     0x000039a5   Thumb Code    90  xaxivdma.o(.text)
    XAxiVdma_GetFrmStore                     0x000039ff   Thumb Code    56  xaxivdma.o(.text)
    XAxiVdma_GetDmaChannelErrors             0x00003a37   Thumb Code    38  xaxivdma.o(.text)
    XAxiVdma_ClearDmaChannelErrors           0x00003a5d   Thumb Code    48  xaxivdma.o(.text)
    XAxiVdma_ChannelInit                     0x00003ab7   Thumb Code   110  xaxivdma_channel.o(.text)
    XAxiVdma_ChannelResetNotDone             0x00003b25   Thumb Code    16  xaxivdma_channel.o(.text)
    XAxiVdma_ChannelReset                    0x00003b35   Thumb Code    14  xaxivdma_channel.o(.text)
    XAxiVdma_ChannelIsRunning                0x00003b43   Thumb Code    42  xaxivdma_channel.o(.text)
    XAxiVdma_ChannelIsBusy                   0x00003b6d   Thumb Code    44  xaxivdma_channel.o(.text)
    XAxiVdma_ChannelErrors                   0x00003b99   Thumb Code    18  xaxivdma_channel.o(.text)
    XAxiVdma_ClearChannelErrors              0x00003bab   Thumb Code    30  xaxivdma_channel.o(.text)
    XAxiVdma_ChannelGetStatus                0x00003bc9   Thumb Code    14  xaxivdma_channel.o(.text)
    XAxiVdma_ChannelStartParking             0x00003bd7   Thumb Code    38  xaxivdma_channel.o(.text)
    XAxiVdma_ChannelStopParking              0x00003bfd   Thumb Code    24  xaxivdma_channel.o(.text)
    XAxiVdma_ChannelStartFrmCntEnable        0x00003c15   Thumb Code    24  xaxivdma_channel.o(.text)
    XAxiVdma_ChannelSetBdAddrs               0x00003c2d   Thumb Code   116  xaxivdma_channel.o(.text)
    XAxiVdma_ChannelStart                    0x00003ca1   Thumb Code   120  xaxivdma_channel.o(.text)
    XAxiVdma_ChannelSetBufferAddr            0x00003d2b   Thumb Code   252  xaxivdma_channel.o(.text)
    XAxiVdma_ChannelConfig                   0x00003ecf   Thumb Code   600  xaxivdma_channel.o(.text)
    XAxiVdma_ChannelStartTransfer            0x00004127   Thumb Code    84  xaxivdma_channel.o(.text)
    XAxiVdma_ChannelStop                     0x0000417b   Thumb Code    36  xaxivdma_channel.o(.text)
    XAxiVdma_ChannelRegisterDump             0x0000419f   Thumb Code    88  xaxivdma_channel.o(.text)
    XAxiVdma_ChannelSetFrmCnt                0x000041f7   Thumb Code    86  xaxivdma_channel.o(.text)
    XAxiVdma_ChannelGetFrmCnt                0x0000424d   Thumb Code    62  xaxivdma_channel.o(.text)
    XAxiVdma_ChannelEnableIntr               0x0000428b   Thumb Code    42  xaxivdma_channel.o(.text)
    XAxiVdma_ChannelDisableIntr              0x000042b5   Thumb Code    56  xaxivdma_channel.o(.text)
    XAxiVdma_ChannelGetPendingIntr           0x000042ed   Thumb Code    18  xaxivdma_channel.o(.text)
    XAxiVdma_ChannelIntrClear                0x000042ff   Thumb Code    30  xaxivdma_channel.o(.text)
    XAxiVdma_ChannelGetEnabledIntr           0x0000431d   Thumb Code    16  xaxivdma_channel.o(.text)
    XAxiVdma_IntrEnable                      0x000043a9   Thumb Code    36  xaxivdma_intr.o(.text)
    XAxiVdma_IntrDisable                     0x000043cd   Thumb Code    36  xaxivdma_intr.o(.text)
    XAxiVdma_IntrGetPending                  0x000043f1   Thumb Code    38  xaxivdma_intr.o(.text)
    XAxiVdma_IntrClear                       0x00004417   Thumb Code    36  xaxivdma_intr.o(.text)
    XAxiVdma_MaskS2MMErrIntr                 0x0000443b   Thumb Code    64  xaxivdma_intr.o(.text)
    XAxiVdma_ReadIntrHandler                 0x0000447b   Thumb Code    98  xaxivdma_intr.o(.text)
    XAxiVdma_WriteIntrHandler                0x000044dd   Thumb Code   100  xaxivdma_intr.o(.text)
    XAxiVdma_SetCallBack                     0x00004541   Thumb Code   148  xaxivdma_intr.o(.text)
    XAxiVdma_LookupConfig                    0x000045dd   Thumb Code    44  xaxivdma_sinit.o(.text)
    index_select_1                           0x0000460d   Thumb Code    32  recognition.o(.text)
    char_translate_no_y_data                 0x0000462d   Thumb Code   150  recognition.o(.text)
    delta_width                              0x000046c3   Thumb Code    14  recognition.o(.text)
    Number_Filter                            0x000046d1   Thumb Code   114  recognition.o(.text)
    Get_Number_Char                          0x00004743   Thumb Code   144  recognition.o(.text)
    delay                                    0x000047d3   Thumb Code    22  recognition.o(.text)
    recog                                    0x000047e9   Thumb Code   522  recognition.o(.text)
    statistics                               0x000049f3   Thumb Code   260  recognition.o(.text)
    char_translate                           0x00004af7   Thumb Code   244  recognition.o(.text)
    index_select                             0x00004beb   Thumb Code    34  recognition.o(.text)
    position_set                             0x00004c25   Thumb Code    76  position.o(.text)
    t_bitwr                                  0x00004c7d   Thumb Code    56  tftspi.o(.text)
    delay_ms                                 0x00004cb5   Thumb Code    26  tftspi.o(.text)
    tspi_init                                0x00004ccf   Thumb Code   114  tftspi.o(.text)
    Lcd_Spi_Transfer                         0x00004d41   Thumb Code    50  tftspi.o(.text)
    LCD_Writ_Bus                             0x00004d73   Thumb Code    16  tftspi.o(.text)
    LCD_WR_DATA8                             0x00004d83   Thumb Code    20  tftspi.o(.text)
    LCD_WR_DATA                              0x00004d97   Thumb Code    36  tftspi.o(.text)
    LCD_WR_REG                               0x00004dbb   Thumb Code    20  tftspi.o(.text)
    LCD_Address_Set                          0x00004dcf   Thumb Code    82  tftspi.o(.text)
    Lcd_Init                                 0x00004e21   Thumb Code   446  tftspi.o(.text)
    LCD_Clear                                0x00004fdf   Thumb Code    56  tftspi.o(.text)
    LCD_ShowChinese                          0x00005017   Thumb Code   164  tftspi.o(.text)
    LCD_DrawPoint                            0x000050bb   Thumb Code    28  tftspi.o(.text)
    LCD_Fill                                 0x000050d7   Thumb Code    70  tftspi.o(.text)
    LCD_DrawPoint_big                        0x0000511d   Thumb Code    32  tftspi.o(.text)
    LCD_DrawLine                             0x0000513d   Thumb Code   172  tftspi.o(.text)
    LCD_DrawRectangle                        0x000051e9   Thumb Code    74  tftspi.o(.text)
    Draw_Circle                              0x00005233   Thumb Code   158  tftspi.o(.text)
    LCD_ShowChar                             0x000052d1   Thumb Code   216  tftspi.o(.text)
    LCD_ShowString                           0x000053a9   Thumb Code    76  tftspi.o(.text)
    mypow                                    0x000053f5   Thumb Code    22  tftspi.o(.text)
    LCD_ShowNum                              0x0000540b   Thumb Code   142  tftspi.o(.text)
    LCD_ShowNum1                             0x00005499   Thumb Code   140  tftspi.o(.text)
    LCD_ShowPicture                          0x00005525   Thumb Code    80  tftspi.o(.text)
    __rt_ctype_table                         0x0000557d   Thumb Code    16  rt_ctype_table.o(.text)
    tolower                                  0x0000558d   Thumb Code    26  tolower.o(.text)
    __2sprintf                               0x000055a9   Thumb Code    34  noretval__2sprintf.o(.text)
    __printf                                 0x000055d1   Thumb Code   104  __printf.o(.text)
    _printf_str                              0x00005639   Thumb Code    82  _printf_str.o(.text)
    _printf_int_dec                          0x0000568d   Thumb Code   104  _printf_dec.o(.text)
    _printf_int_hex                          0x00005705   Thumb Code    84  _printf_hex_int.o(.text)
    _printf_longlong_hex                     0x00005705   Thumb Code     0  _printf_hex_int.o(.text)
    strcpy                                   0x0000575d   Thumb Code    72  strcpy.o(.text)
    strlen                                   0x000057a5   Thumb Code    62  strlen.o(.text)
    __aeabi_memcpy4                          0x000057e3   Thumb Code     0  rt_memcpy_w.o(.text)
    __aeabi_memcpy8                          0x000057e3   Thumb Code     0  rt_memcpy_w.o(.text)
    __rt_memcpy_w                            0x000057e3   Thumb Code   100  rt_memcpy_w.o(.text)
    _memcpy_lastbytes_aligned                0x0000582b   Thumb Code     0  rt_memcpy_w.o(.text)
    __aeabi_memclr                           0x00005847   Thumb Code     0  rt_memclr.o(.text)
    __rt_memclr                              0x00005847   Thumb Code    68  rt_memclr.o(.text)
    _memset                                  0x0000584b   Thumb Code     0  rt_memclr.o(.text)
    __aeabi_memclr4                          0x0000588b   Thumb Code     0  rt_memclr_w.o(.text)
    __aeabi_memclr8                          0x0000588b   Thumb Code     0  rt_memclr_w.o(.text)
    __rt_memclr_w                            0x0000588b   Thumb Code    78  rt_memclr_w.o(.text)
    _memset_w                                0x0000588f   Thumb Code     0  rt_memclr_w.o(.text)
    __use_two_region_memory                  0x000058d9   Thumb Code     2  heapauxi.o(.text)
    __rt_heap_escrow$2region                 0x000058db   Thumb Code     2  heapauxi.o(.text)
    __rt_heap_expand$2region                 0x000058dd   Thumb Code     2  heapauxi.o(.text)
    __rt_locale                              0x000058e1   Thumb Code     8  rt_locale_intlibspace.o(.text)
    _printf_int_common                       0x000058e9   Thumb Code   178  _printf_intcommon.o(.text)
    _printf_char_common                      0x000059a7   Thumb Code    32  _printf_char_common.o(.text)
    _sputc                                   0x000059cd   Thumb Code    10  _sputc.o(.text)
    _printf_cs_common                        0x000059d7   Thumb Code    20  _printf_char.o(.text)
    _printf_char                             0x000059eb   Thumb Code    16  _printf_char.o(.text)
    _printf_string                           0x000059fb   Thumb Code     8  _printf_char.o(.text)
    __user_libspace                          0x00005a05   Thumb Code     8  libspace.o(.text)
    __user_perproc_libspace                  0x00005a05   Thumb Code     0  libspace.o(.text)
    __user_perthread_libspace                0x00005a05   Thumb Code     0  libspace.o(.text)
    strcmp                                   0x00005a0d   Thumb Code   128  strcmpv7m.o(.text)
    __user_setup_stackheap                   0x00005a8d   Thumb Code    74  sys_stackheap_outer.o(.text)
    exit                                     0x00005ad7   Thumb Code    18  exit.o(.text)
    _sys_exit                                0x00005ae9   Thumb Code     8  sys_exit.o(.text)
    __I$use$semihosting                      0x00005af5   Thumb Code     0  use_no_semi.o(.text)
    __use_no_semihosting_swi                 0x00005af5   Thumb Code     2  use_no_semi.o(.text)
    __semihosting_library_function           0x00005af7   Thumb Code     0  indicate_semi.o(.text)
    _get_lc_ctype                            0x00005af9   Thumb Code    44  lc_ctype_c.o(locale$$code)
    __aeabi_f2uiz                            0x00005b25   Thumb Code     0  ffixu.o(x$fpl$ffixu)
    _ffixu                                   0x00005b25   Thumb Code    62  ffixu.o(x$fpl$ffixu)
    __aeabi_fmul                             0x00005b65   Thumb Code     0  fmul.o(x$fpl$fmul)
    _fmul                                    0x00005b65   Thumb Code   258  fmul.o(x$fpl$fmul)
    __fpl_fnaninf                            0x00005c67   Thumb Code   140  fnaninf.o(x$fpl$fnaninf)
    __fpl_fretinf                            0x00005cf3   Thumb Code    10  fretinf.o(x$fpl$fretinf)
    __I$use$fp                               0x00005cfc   Number         0  usenofp.o(x$fpl$usenofp)
    asc2_1608                                0x00005d1c   Data        1520  tftspi.o(.constdata)
    image                                    0x0000630c   Data        4800  tftspi.o(.constdata)
    Region$$Table$$Base                      0x000079e4   Number         0  anon$$obj.o(Region$$Table)
    Region$$Table$$Limit                     0x00007a04   Number         0  anon$$obj.o(Region$$Table)
    __ctype                                  0x00007a11   Data           0  lc_ctype_c.o(locale$$data)
    SystemCoreClock                          0x20000000   Data           4  system_arty_cm3.o(.data)
    Xil_AssertStatus                         0x20000004   Data           4  xil_assert.o(.data)
    Xil_AssertWait                           0x20000008   Data           4  xil_assert.o(.data)
    V_ret                                    0x20000010   Data           2  main.o(.data)
    P3_1_s                                   0x20000012   Data           2  main.o(.data)
    P3_2_s                                   0x20000014   Data           2  main.o(.data)
    P2_1_s                                   0x20000016   Data           2  main.o(.data)
    P2_2_s                                   0x20000018   Data           2  main.o(.data)
    P1_1_s                                   0x2000001a   Data           2  main.o(.data)
    P1_2_s                                   0x2000001c   Data           2  main.o(.data)
    XGpio_ConfigTable                        0x2000002c   Data          64  xgpio_g.o(.data)
    XSpi_ConfigTable                         0x2000006c   Data         140  xspi_g.o(.data)
    XUartLite_ConfigTable                    0x20000120   Data          16  xuartlite_g.o(.data)
    XAxiVdma_ConfigTable                     0x20000134   Data         124  xaxivdma_g.o(.data)
    Number_Char_One                          0x200001b8   Data           2  recognition.o(.data)
    Number_Char_Two                          0x200001ba   Data           2  recognition.o(.data)
    Number_Char_Three                        0x200001bc   Data           2  recognition.o(.data)
    Number_Char_Four                         0x200001be   Data           2  recognition.o(.data)
    Number_Char_Five                         0x200001c0   Data           2  recognition.o(.data)
    Number_Char                              0x200001c4   Data           4  recognition.o(.data)
    Number_Char_Debouce                      0x200001c8   Data           4  recognition.o(.data)
    Hzk32                                    0x200001d0   Data         640  tftspi.o(.data)
    Hzk16                                    0x20000450   Data         224  tftspi.o(.data)
    BACK_COLOR                               0x20000530   Data           4  tftspi.o(.data)
    VdmaInstance                             0x20000540   Data        2432  main.o(.bss)
    UARTSendBuffer                           0x20001198   Data         256  uart.o(.bss)
    UARTReceiveBuffer                        0x20001298   Data         256  uart.o(.bss)
    vdma_context                             0x20001398   Data         368  vdma_api.o(.bss)
    __libspace_start                         0x20001574   Data          96  libspace.o(.bss)
    __temporary_stack_top$libspace           0x200015d4   Data           0  libspace.o(.bss)



==============================================================================

Memory Map of the image

  Image Entry point : 0x000001dd

  Load Region LR_IROM1 (Base: 0x00000000, Size: 0x00008048, Max: 0x00008000, ABSOLUTE, COMPRESSED[0x00007d48])

    Execution Region ER_IROM1 (Exec base: 0x00000000, Load base: 0x00000000, Size: 0x00007b14, Max: 0x00008000, ABSOLUTE)

    Exec Addr    Load Addr    Size         Type   Attr      Idx    E Section Name        Object

    0x00000000   0x00000000   0x000000c0   Data   RO           49    RESET               startup_arty_cm3.o
    0x000000c0   0x000000c0   0x00000008   Code   RO          947  * !!!main             c_w.l(__main.o)
    0x000000c8   0x000000c8   0x00000034   Code   RO         1138    !!!scatter          c_w.l(__scatter.o)
    0x000000fc   0x000000fc   0x0000005a   Code   RO         1136    !!dczerorl2         c_w.l(__dczerorl2.o)
    0x00000156   0x00000156   0x00000002   PAD
    0x00000158   0x00000158   0x0000001c   Code   RO         1140    !!handler_zi        c_w.l(__scatter_zi.o)
    0x00000174   0x00000174   0x00000000   Code   RO          934    .ARM.Collect$$_printf_percent$$00000000  c_w.l(_printf_percent.o)
    0x00000174   0x00000174   0x00000006   Code   RO          933    .ARM.Collect$$_printf_percent$$00000008  c_w.l(_printf_i.o)
    0x0000017a   0x0000017a   0x00000006   Code   RO          932    .ARM.Collect$$_printf_percent$$0000000C  c_w.l(_printf_x.o)
    0x00000180   0x00000180   0x00000006   Code   RO          931    .ARM.Collect$$_printf_percent$$00000014  c_w.l(_printf_s.o)
    0x00000186   0x00000186   0x00000004   Code   RO          969    .ARM.Collect$$_printf_percent$$00000017  c_w.l(_printf_percent_end.o)
    0x0000018a   0x0000018a   0x00000002   Code   RO         1056    .ARM.Collect$$libinit$$00000000  c_w.l(libinit.o)
    0x0000018c   0x0000018c   0x00000000   Code   RO         1001    .ARM.Collect$$libinit$$00000002  c_w.l(libinit2.o)
    0x0000018c   0x0000018c   0x00000000   Code   RO         1003    .ARM.Collect$$libinit$$00000004  c_w.l(libinit2.o)
    0x0000018c   0x0000018c   0x00000000   Code   RO         1006    .ARM.Collect$$libinit$$0000000A  c_w.l(libinit2.o)
    0x0000018c   0x0000018c   0x00000000   Code   RO         1008    .ARM.Collect$$libinit$$0000000C  c_w.l(libinit2.o)
    0x0000018c   0x0000018c   0x00000000   Code   RO         1010    .ARM.Collect$$libinit$$0000000E  c_w.l(libinit2.o)
    0x0000018c   0x0000018c   0x00000006   Code   RO         1011    .ARM.Collect$$libinit$$0000000F  c_w.l(libinit2.o)
    0x00000192   0x00000192   0x00000000   Code   RO         1013    .ARM.Collect$$libinit$$00000011  c_w.l(libinit2.o)
    0x00000192   0x00000192   0x0000000c   Code   RO         1014    .ARM.Collect$$libinit$$00000012  c_w.l(libinit2.o)
    0x0000019e   0x0000019e   0x00000000   Code   RO         1015    .ARM.Collect$$libinit$$00000013  c_w.l(libinit2.o)
    0x0000019e   0x0000019e   0x00000000   Code   RO         1017    .ARM.Collect$$libinit$$00000015  c_w.l(libinit2.o)
    0x0000019e   0x0000019e   0x00000000   Code   RO         1019    .ARM.Collect$$libinit$$00000017  c_w.l(libinit2.o)
    0x0000019e   0x0000019e   0x00000000   Code   RO         1021    .ARM.Collect$$libinit$$00000019  c_w.l(libinit2.o)
    0x0000019e   0x0000019e   0x00000000   Code   RO         1023    .ARM.Collect$$libinit$$0000001B  c_w.l(libinit2.o)
    0x0000019e   0x0000019e   0x00000000   Code   RO         1025    .ARM.Collect$$libinit$$0000001D  c_w.l(libinit2.o)
    0x0000019e   0x0000019e   0x00000000   Code   RO         1027    .ARM.Collect$$libinit$$0000001F  c_w.l(libinit2.o)
    0x0000019e   0x0000019e   0x00000000   Code   RO         1029    .ARM.Collect$$libinit$$00000021  c_w.l(libinit2.o)
    0x0000019e   0x0000019e   0x00000000   Code   RO         1031    .ARM.Collect$$libinit$$00000023  c_w.l(libinit2.o)
    0x0000019e   0x0000019e   0x00000000   Code   RO         1033    .ARM.Collect$$libinit$$00000025  c_w.l(libinit2.o)
    0x0000019e   0x0000019e   0x00000000   Code   RO         1037    .ARM.Collect$$libinit$$0000002C  c_w.l(libinit2.o)
    0x0000019e   0x0000019e   0x00000000   Code   RO         1039    .ARM.Collect$$libinit$$0000002E  c_w.l(libinit2.o)
    0x0000019e   0x0000019e   0x00000000   Code   RO         1041    .ARM.Collect$$libinit$$00000030  c_w.l(libinit2.o)
    0x0000019e   0x0000019e   0x00000000   Code   RO         1043    .ARM.Collect$$libinit$$00000032  c_w.l(libinit2.o)
    0x0000019e   0x0000019e   0x00000002   Code   RO         1044    .ARM.Collect$$libinit$$00000033  c_w.l(libinit2.o)
    0x000001a0   0x000001a0   0x00000002   Code   RO         1093    .ARM.Collect$$libshutdown$$00000000  c_w.l(libshutdown.o)
    0x000001a2   0x000001a2   0x00000000   Code   RO         1099    .ARM.Collect$$libshutdown$$00000002  c_w.l(libshutdown2.o)
    0x000001a2   0x000001a2   0x00000000   Code   RO         1101    .ARM.Collect$$libshutdown$$00000004  c_w.l(libshutdown2.o)
    0x000001a2   0x000001a2   0x00000000   Code   RO         1104    .ARM.Collect$$libshutdown$$00000007  c_w.l(libshutdown2.o)
    0x000001a2   0x000001a2   0x00000000   Code   RO         1107    .ARM.Collect$$libshutdown$$0000000A  c_w.l(libshutdown2.o)
    0x000001a2   0x000001a2   0x00000000   Code   RO         1109    .ARM.Collect$$libshutdown$$0000000C  c_w.l(libshutdown2.o)
    0x000001a2   0x000001a2   0x00000000   Code   RO         1112    .ARM.Collect$$libshutdown$$0000000F  c_w.l(libshutdown2.o)
    0x000001a2   0x000001a2   0x00000002   Code   RO         1113    .ARM.Collect$$libshutdown$$00000010  c_w.l(libshutdown2.o)
    0x000001a4   0x000001a4   0x00000000   Code   RO          955    .ARM.Collect$$rtentry$$00000000  c_w.l(__rtentry.o)
    0x000001a4   0x000001a4   0x00000000   Code   RO          982    .ARM.Collect$$rtentry$$00000002  c_w.l(__rtentry2.o)
    0x000001a4   0x000001a4   0x00000006   Code   RO          994    .ARM.Collect$$rtentry$$00000004  c_w.l(__rtentry4.o)
    0x000001aa   0x000001aa   0x00000000   Code   RO          984    .ARM.Collect$$rtentry$$00000009  c_w.l(__rtentry2.o)
    0x000001aa   0x000001aa   0x00000004   Code   RO          985    .ARM.Collect$$rtentry$$0000000A  c_w.l(__rtentry2.o)
    0x000001ae   0x000001ae   0x00000000   Code   RO          987    .ARM.Collect$$rtentry$$0000000C  c_w.l(__rtentry2.o)
    0x000001ae   0x000001ae   0x00000008   Code   RO          988    .ARM.Collect$$rtentry$$0000000D  c_w.l(__rtentry2.o)
    0x000001b6   0x000001b6   0x00000002   Code   RO         1059    .ARM.Collect$$rtexit$$00000000  c_w.l(rtexit.o)
    0x000001b8   0x000001b8   0x00000000   Code   RO         1068    .ARM.Collect$$rtexit$$00000002  c_w.l(rtexit2.o)
    0x000001b8   0x000001b8   0x00000004   Code   RO         1069    .ARM.Collect$$rtexit$$00000003  c_w.l(rtexit2.o)
    0x000001bc   0x000001bc   0x00000006   Code   RO         1070    .ARM.Collect$$rtexit$$00000004  c_w.l(rtexit2.o)
    0x000001c2   0x000001c2   0x00000002   PAD
    0x000001c4   0x000001c4   0x00000018   Code   RO            3    .text               system_arty_cm3.o
    0x000001dc   0x000001dc   0x00000040   Code   RO           50  * .text               startup_arty_cm3.o
    0x0000021c   0x0000021c   0x00000014   Code   RO           54    .text               outbyte.o
    0x00000230   0x00000230   0x00000016   Code   RO          110    .text               print.o
    0x00000246   0x00000246   0x00000002   PAD
    0x00000248   0x00000248   0x00000034   Code   RO          137    .text               xil_assert.o
    0x0000027c   0x0000027c   0x0000038c   Code   RO          158    .text               xil_printf.o
    0x00000608   0x00000608   0x0000060c   Code   RO          182    .text               main.o
    0x00000c14   0x00000c14   0x0000023c   Code   RO          300    .text               gpio.o
    0x00000e50   0x00000e50   0x00000308   Code   RO          336    .text               spi.o
    0x00001158   0x00001158   0x00000098   Code   RO          380    .text               uart.o
    0x000011f0   0x000011f0   0x00000240   Code   RO          405    .text               xgpio.o
    0x00001430   0x00001430   0x0000034c   Code   RO          453    .text               xgpio_intr.o
    0x0000177c   0x0000177c   0x00000074   Code   RO          479    .text               xgpio_sinit.o
    0x000017f0   0x000017f0   0x00000a78   Code   RO          492    .text               xspi.o
    0x00002268   0x00002268   0x00000124   Code   RO          524    .text               xspi_options.o
    0x0000238c   0x0000238c   0x00000074   Code   RO          552    .text               xspi_sinit.o
    0x00002400   0x00002400   0x000003c4   Code   RO          579    .text               xuartlite.o
    0x000027c4   0x000027c4   0x00000210   Code   RO          611    .text               xuartlite_intr.o
    0x000029d4   0x000029d4   0x00000030   Code   RO          624    .text               xuartlite_l.o
    0x00002a04   0x00002a04   0x00000070   Code   RO          652    .text               xuartlite_sinit.o
    0x00002a74   0x00002a74   0x000000d4   Code   RO          665    .text               xuartlite_stats.o
    0x00002b48   0x00002b48   0x000005c0   Code   RO          678    .text               vdma_api.o
    0x00003108   0x00003108   0x00000998   Code   RO          703    .text               xaxivdma.o
    0x00003aa0   0x00003aa0   0x00000908   Code   RO          728    .text               xaxivdma_channel.o
    0x000043a8   0x000043a8   0x00000234   Code   RO          762    .text               xaxivdma_intr.o
    0x000045dc   0x000045dc   0x00000030   Code   RO          778    .text               xaxivdma_sinit.o
    0x0000460c   0x0000460c   0x00000618   Code   RO          791    .text               recognition.o
    0x00004c24   0x00004c24   0x00000058   Code   RO          820    .text               position.o
    0x00004c7c   0x00004c7c   0x00000900   Code   RO          848    .text               tftspi.o
    0x0000557c   0x0000557c   0x00000010   Code   RO          876    .text               c_w.l(rt_ctype_table.o)
    0x0000558c   0x0000558c   0x0000001a   Code   RO          878    .text               c_w.l(tolower.o)
    0x000055a6   0x000055a6   0x00000002   PAD
    0x000055a8   0x000055a8   0x00000028   Code   RO          882    .text               c_w.l(noretval__2sprintf.o)
    0x000055d0   0x000055d0   0x00000068   Code   RO          884    .text               c_w.l(__printf.o)
    0x00005638   0x00005638   0x00000052   Code   RO          886    .text               c_w.l(_printf_str.o)
    0x0000568a   0x0000568a   0x00000002   PAD
    0x0000568c   0x0000568c   0x00000078   Code   RO          888    .text               c_w.l(_printf_dec.o)
    0x00005704   0x00005704   0x00000058   Code   RO          893    .text               c_w.l(_printf_hex_int.o)
    0x0000575c   0x0000575c   0x00000048   Code   RO          935    .text               c_w.l(strcpy.o)
    0x000057a4   0x000057a4   0x0000003e   Code   RO          937    .text               c_w.l(strlen.o)
    0x000057e2   0x000057e2   0x00000064   Code   RO          939    .text               c_w.l(rt_memcpy_w.o)
    0x00005846   0x00005846   0x00000044   Code   RO          941    .text               c_w.l(rt_memclr.o)
    0x0000588a   0x0000588a   0x0000004e   Code   RO          943    .text               c_w.l(rt_memclr_w.o)
    0x000058d8   0x000058d8   0x00000006   Code   RO          945    .text               c_w.l(heapauxi.o)
    0x000058de   0x000058de   0x00000002   PAD
    0x000058e0   0x000058e0   0x00000008   Code   RO          959    .text               c_w.l(rt_locale_intlibspace.o)
    0x000058e8   0x000058e8   0x000000b2   Code   RO          961    .text               c_w.l(_printf_intcommon.o)
    0x0000599a   0x0000599a   0x00000002   PAD
    0x0000599c   0x0000599c   0x00000030   Code   RO          963    .text               c_w.l(_printf_char_common.o)
    0x000059cc   0x000059cc   0x0000000a   Code   RO          965    .text               c_w.l(_sputc.o)
    0x000059d6   0x000059d6   0x0000002c   Code   RO          967    .text               c_w.l(_printf_char.o)
    0x00005a02   0x00005a02   0x00000002   PAD
    0x00005a04   0x00005a04   0x00000008   Code   RO          978    .text               c_w.l(libspace.o)
    0x00005a0c   0x00005a0c   0x00000080   Code   RO          998    .text               c_w.l(strcmpv7m.o)
    0x00005a8c   0x00005a8c   0x0000004a   Code   RO         1045    .text               c_w.l(sys_stackheap_outer.o)
    0x00005ad6   0x00005ad6   0x00000012   Code   RO         1047    .text               c_w.l(exit.o)
    0x00005ae8   0x00005ae8   0x0000000c   Code   RO         1080    .text               c_w.l(sys_exit.o)
    0x00005af4   0x00005af4   0x00000002   Code   RO         1082    .text               c_w.l(use_no_semi.o)
    0x00005af6   0x00005af6   0x00000000   Code   RO         1084    .text               c_w.l(indicate_semi.o)
    0x00005af6   0x00005af6   0x00000002   PAD
    0x00005af8   0x00005af8   0x0000002c   Code   RO          971    locale$$code        c_w.l(lc_ctype_c.o)
    0x00005b24   0x00005b24   0x0000003e   Code   RO          949    x$fpl$ffixu         fz_ws.l(ffixu.o)
    0x00005b62   0x00005b62   0x00000002   PAD
    0x00005b64   0x00005b64   0x00000102   Code   RO          953    x$fpl$fmul          fz_ws.l(fmul.o)
    0x00005c66   0x00005c66   0x0000008c   Code   RO          973    x$fpl$fnaninf       fz_ws.l(fnaninf.o)
    0x00005cf2   0x00005cf2   0x0000000a   Code   RO          975    x$fpl$fretinf       fz_ws.l(fretinf.o)
    0x00005cfc   0x00005cfc   0x00000000   Code   RO          977    x$fpl$usenofp       fz_ws.l(usenofp.o)
    0x00005cfc   0x00005cfc   0x00000020   Data   RO          184    .constdata          main.o
    0x00005d1c   0x00005d1c   0x000018b0   Data   RO          850    .constdata          tftspi.o
    0x000075cc   0x000075cc   0x00000028   Data   RO          894    .constdata          c_w.l(_printf_hex_int.o)
    0x000075f4   0x000075f4   0x0000004b   Data   RO          406    .conststring        xgpio.o
    0x0000763f   0x0000763f   0x00000001   PAD
    0x00007640   0x00007640   0x00000050   Data   RO          454    .conststring        xgpio_intr.o
    0x00007690   0x00007690   0x00000051   Data   RO          480    .conststring        xgpio_sinit.o
    0x000076e1   0x000076e1   0x00000003   PAD
    0x000076e4   0x000076e4   0x00000049   Data   RO          493    .conststring        xspi.o
    0x0000772d   0x0000772d   0x00000003   PAD
    0x00007730   0x00007730   0x00000051   Data   RO          525    .conststring        xspi_options.o
    0x00007781   0x00007781   0x00000003   PAD
    0x00007784   0x00007784   0x0000004f   Data   RO          553    .conststring        xspi_sinit.o
    0x000077d3   0x000077d3   0x00000001   PAD
    0x000077d4   0x000077d4   0x00000053   Data   RO          580    .conststring        xuartlite.o
    0x00007827   0x00007827   0x00000001   PAD
    0x00007828   0x00007828   0x00000058   Data   RO          612    .conststring        xuartlite_intr.o
    0x00007880   0x00007880   0x00000059   Data   RO          653    .conststring        xuartlite_sinit.o
    0x000078d9   0x000078d9   0x00000003   PAD
    0x000078dc   0x000078dc   0x00000059   Data   RO          666    .conststring        xuartlite_stats.o
    0x00007935   0x00007935   0x00000003   PAD
    0x00007938   0x00007938   0x00000051   Data   RO          704    .conststring        xaxivdma.o
    0x00007989   0x00007989   0x00000003   PAD
    0x0000798c   0x0000798c   0x00000056   Data   RO          763    .conststring        xaxivdma_intr.o
    0x000079e2   0x000079e2   0x00000002   PAD
    0x000079e4   0x000079e4   0x00000020   Data   RO         1134    Region$$Table       anon$$obj.o
    0x00007a04   0x00007a04   0x00000110   Data   RO          970    locale$$data        c_w.l(lc_ctype_c.o)


    Execution Region RW_IRAM1 (Exec base: 0x20000000, Load base: 0x00007b14, Size: 0x000025d8, Max: 0x00008000, ABSOLUTE, COMPRESSED[0x00000234])

    Exec Addr    Load Addr    Size         Type   Attr      Idx    E Section Name        Object

    0x20000000   COMPRESSED   0x00000004   Data   RW            4    .data               system_arty_cm3.o
    0x20000004   COMPRESSED   0x0000000c   Data   RW          138    .data               xil_assert.o
    0x20000010   COMPRESSED   0x0000000e   Data   RW          185    .data               main.o
    0x2000001e   COMPRESSED   0x00000002   PAD
    0x20000020   COMPRESSED   0x0000000c   Data   RW          382    .data               uart.o
    0x2000002c   COMPRESSED   0x00000040   Data   RW          444    .data               xgpio_g.o
    0x2000006c   COMPRESSED   0x0000008c   Data   RW          515    .data               xspi_g.o
    0x200000f8   COMPRESSED   0x00000028   Data   RW          526    .data               xspi_options.o
    0x20000120   COMPRESSED   0x00000010   Data   RW          602    .data               xuartlite_g.o
    0x20000130   COMPRESSED   0x00000004   Data   RW          680    .data               vdma_api.o
    0x20000134   COMPRESSED   0x0000007c   Data   RW          740    .data               xaxivdma_g.o
    0x200001b0   COMPRESSED   0x0000001d   Data   RW          792    .data               recognition.o
    0x200001cd   COMPRESSED   0x00000003   PAD
    0x200001d0   COMPRESSED   0x00000364   Data   RW          851    .data               tftspi.o
    0x20000534   COMPRESSED   0x0000000c   PAD
    0x20000540        -       0x00000980   Zero   RW          183    .bss                main.o
    0x20000ec0        -       0x00000030   Zero   RW          301    .bss                gpio.o
    0x20000ef0        -       0x0000025c   Zero   RW          337    .bss                spi.o
    0x2000114c        -       0x0000024c   Zero   RW          381    .bss                uart.o
    0x20001398        -       0x00000170   Zero   RW          679    .bss                vdma_api.o
    0x20001508        -       0x0000006c   Zero   RW          849    .bss                tftspi.o
    0x20001574        -       0x00000060   Zero   RW          979    .bss                c_w.l(libspace.o)
    0x200015d4   COMPRESSED   0x00000004   PAD
    0x200015d8        -       0x00000c00   Zero   RW           48    HEAP                startup_arty_cm3.o
    0x200021d8        -       0x00000400   Zero   RW           47    STACK               startup_arty_cm3.o


==============================================================================

Image component sizes


      Code (inc. data)   RO Data    RW Data    ZI Data      Debug   Object Name

       572         78          0          0         48      25160   gpio.o
      1548        736         32         14       2432      30832   main.o
        20          6          0          0          0       2214   outbyte.o
        88          6          0          0          0       1047   position.o
        22          0          0          0          0       2712   print.o
      1560        168          0         29          0       8241   recognition.o
       776         44          0          0        604      10699   spi.o
        64         26        192          0       4096        876   startup_arty_cm3.o
        24          8          0          4          0       6473   system_arty_cm3.o
      2304         60       6320        868        108       9778   tftspi.o
       152         24          0         12        588       3376   uart.o
      1472        404          0          4        368       7125   vdma_api.o
      2456         20         81          0          0      17083   xaxivdma.o
      2312        112          0          0          0      12644   xaxivdma_channel.o
         0          0          0        124          0        807   xaxivdma_g.o
       564          8         86          0          0       5743   xaxivdma_intr.o
        48          4          0          0          0       1307   xaxivdma_sinit.o
       576         10         75          0          0       5095   xgpio.o
         0          0          0         64          0        780   xgpio_g.o
       844         10         80          0          0       3296   xgpio_intr.o
       116         14         81          0          0       1558   xgpio_sinit.o
        52         10          0         12          0       4142   xil_assert.o
       908         22          0          0          0       4353   xil_printf.o
      2680         20         73          0          0      10122   xspi.o
         0          0          0        140          0        767   xspi_g.o
       292         12         81         40          0       2474   xspi_options.o
       116         12         79          0          0       1615   xspi_sinit.o
       964         14         83          0          0       5570   xuartlite.o
         0          0          0         16          0        820   xuartlite_g.o
       528         10         88          0          0       3244   xuartlite_intr.o
        48          0          0          0          0       1176   xuartlite_l.o
         0          0          0          0          0       1360   xuartlite_selftest.o
       112         14         89          0          0       1614   xuartlite_sinit.o
       212          8         89          0          0       1562   xuartlite_stats.o

    ----------------------------------------------------------------------
     21432       1860       7584       1332       8256     195665   Object Totals
         0          0         32          0          0          0   (incl. Generated)
         2          0         23          5         12          0   (incl. Padding)

    ----------------------------------------------------------------------

      Code (inc. data)   RO Data    RW Data    ZI Data      Debug   Library Member Name

        90          0          0          0          0          0   __dczerorl2.o
         8          0          0          0          0         68   __main.o
       104          0          0          0          0         84   __printf.o
         0          0          0          0          0          0   __rtentry.o
        12          0          0          0          0          0   __rtentry2.o
         6          0          0          0          0          0   __rtentry4.o
        52          8          0          0          0          0   __scatter.o
        28          0          0          0          0          0   __scatter_zi.o
        44          0          0          0          0        108   _printf_char.o
        48          6          0          0          0         96   _printf_char_common.o
       120         16          0          0          0         92   _printf_dec.o
        88          4         40          0          0         88   _printf_hex_int.o
         6          0          0          0          0          0   _printf_i.o
       178          0          0          0          0         88   _printf_intcommon.o
         0          0          0          0          0          0   _printf_percent.o
         4          0          0          0          0          0   _printf_percent_end.o
         6          0          0          0          0          0   _printf_s.o
        82          0          0          0          0         80   _printf_str.o
         6          0          0          0          0          0   _printf_x.o
        10          0          0          0          0         68   _sputc.o
        18          0          0          0          0         80   exit.o
         6          0          0          0          0        152   heapauxi.o
         0          0          0          0          0          0   indicate_semi.o
        44         10        272          0          0         76   lc_ctype_c.o
         2          0          0          0          0          0   libinit.o
        20          0          0          0          0          0   libinit2.o
         2          0          0          0          0          0   libshutdown.o
         2          0          0          0          0          0   libshutdown2.o
         8          4          0          0         96         68   libspace.o
        40          6          0          0          0         84   noretval__2sprintf.o
        16          4          0          0          0         76   rt_ctype_table.o
         8          4          0          0          0         68   rt_locale_intlibspace.o
        68          0          0          0          0         68   rt_memclr.o
        78          0          0          0          0         80   rt_memclr_w.o
       100          0          0          0          0         80   rt_memcpy_w.o
         2          0          0          0          0          0   rtexit.o
        10          0          0          0          0          0   rtexit2.o
       128          0          0          0          0         68   strcmpv7m.o
        72          0          0          0          0         80   strcpy.o
        62          0          0          0          0         76   strlen.o
        12          4          0          0          0         68   sys_exit.o
        74          0          0          0          0         80   sys_stackheap_outer.o
        26          0          0          0          0         76   tolower.o
         2          0          0          0          0         68   use_no_semi.o
        62          4          0          0          0         84   ffixu.o
       258          4          0          0          0         84   fmul.o
       140          4          0          0          0         84   fnaninf.o
        10          0          0          0          0         68   fretinf.o
         0          0          0          0          0          0   usenofp.o

    ----------------------------------------------------------------------
      2180         78        312          0        100       2440   Library Totals
        18          0          0          0          4          0   (incl. Padding)

    ----------------------------------------------------------------------

      Code (inc. data)   RO Data    RW Data    ZI Data      Debug   Library Name

      1692         66        312          0         96       2120   c_w.l
       470         12          0          0          0        320   fz_ws.l

    ----------------------------------------------------------------------
      2180         78        312          0        100       2440   Library Totals

    ----------------------------------------------------------------------

==============================================================================


      Code (inc. data)   RO Data    RW Data    ZI Data      Debug   

     23612       1938       7896       1332       8356     195137   Grand Totals
     23612       1938       7896        564       8356     195137   ELF Image Totals (compressed)
     23612       1938       7896        564          0          0   ROM Totals

==============================================================================

    Total RO  Size (Code + RO Data)                31508 (  30.77kB)
    Total RW  Size (RW Data + ZI Data)              9688 (   9.46kB)
    Total ROM Size (Code + RO Data + RW Data)      32072 (  31.32kB)

==============================================================================

