<html>
<body>
<pre>
<h1>礦ision Build Log</h1>
<h2>Tool Versions:</h2>
IDE-Version: μVision V5.25.3.0
Copyright (C) 2018 ARM Ltd and ARM Germany GmbH. All rights reserved.
License Information: 1 Arthur, 1, LIC=Q7GGK-ZIE2D-9X3UW-Q43NN-LC2LQ-02J0H
 
Tool Versions:
Toolchain:       MDK-ARM Professional  Version: 5.25.2.0
Toolchain Path:  D:\Keil_v5\ARM\ARMCC\Bin
C Compiler:      Armcc.exe V5.06 update 6 (build 750)
Assembler:       Armasm.exe V5.06 update 6 (build 750)
Linker/Locator:  ArmLink.exe V5.06 update 6 (build 750)
Library Manager: ArmAr.exe V5.06 update 6 (build 750)
Hex Converter:   FromElf.exe V5.06 update 6 (build 750)
CPU DLL:         SARMCM3.DLL V5.25.2.0
Dialog DLL:      DCM.DLL V1.17.1.0
Target DLL:      CMSIS_AGDI.dll V1.29.10.0
Dialog DLL:      TCM.DLL V1.35.1.0
 
<h2>Project:</h2>
V:\software\m3_for_arty_a7\Build_Keil\m3_for_arty_a7.uvprojx
Project File Date:  07/15/2019

<h2>Output:</h2>
*** Using Compiler 'V5.06 update 6 (build 750)', folder: 'D:\Keil_v5\ARM\ARMCC\Bin'
Rebuild target 'm3_for_arty_a7'
assembling startup_ARTY_CM3.s...
compiling print.c...
compiling xil_assert.c...
compiling xil_printf.c...
compiling outbyte.c...
compiling xgpio_extra.c...
compiling system_ARTY_CM3.c...
compiling main.c...
compiling xgpio.c...
compiling xgpio_g.c...
compiling gpio.c...
compiling uart.c...
compiling spi.c...
compiling xgpio_selftest.c...
compiling xspi_g.c...
compiling xgpio_intr.c...
compiling xspi_options.c...
compiling xgpio_sinit.c...
compiling xspi.c...
compiling xspi_selftest.c...
compiling xspi_sinit.c...
compiling xspi_stats.c...
compiling xuartlite.c...
compiling xuartlite_g.c...
compiling xuartlite_l.c...
compiling xuartlite_sinit.c...
compiling vdma_api.c...
compiling xuartlite_intr.c...
compiling xuartlite_stats.c...
compiling xuartlite_selftest.c...
compiling xaxivdma_channel.c...
compiling xaxivdma.c...
compiling xaxivdma_selftest.c...
compiling xaxivdma_g.c...
compiling position.c...
compiling xaxivdma_sinit.c...
compiling xaxivdma_intr.c...
compiling recognition.c...
..\LICENSE PLATE RECOGNITION\recognition.c(240): warning:  #68-D: integer conversion resulted in a change of sign
  	return -1;
..\LICENSE PLATE RECOGNITION\recognition.c: 1 warning, 0 errors
compiling study.c...
compiling tftspi.c...
linking...
Program Size: Code=23612 RO-data=7896 RW-data=1332 ZI-data=8356  
FromELF: creating hex file...
After Build - User command #1: make_hex_a7.bat
V:\software\m3_for_arty_a7\Build_Keil>call fromelf --vhx --32x1 --output bram_a7.hex objects\m3_for_arty_a7.axf 
V:\software\m3_for_arty_a7\Build_Keil>call fromelf --elf        --output bram_a7.elf objects\m3_for_arty_a7.axf 
V:\software\m3_for_arty_a7\Build_Keil>call fromelf --vhx --8x1  --output qspi_a7.hex objects\m3_for_arty_a7.axf 
V:\software\m3_for_arty_a7\Build_Keil>call fromelf --bin        --output qspi_a7.bin objects\m3_for_arty_a7.axf 
V:\software\m3_for_arty_a7\Build_Keil>copy bram_a7.* ..\..\..\hardware\m3_for_arty_a7\m3_for_arty_a7 
bram_a7.elf
bram_a7.hex
已复制         2 个文件。
V:\software\m3_for_arty_a7\Build_Keil>copy qspi_a7.hex ..\..\..\hardware\m3_for_arty_a7\testbench 
已复制         1 个文件。
".\objects\m3_for_arty_a7.axf" - 0 Error(s), 1 Warning(s).

<h2>Software Packages used:</h2>

Package Vendor: ARM
                http://www.keil.com/pack/ARM.CMSIS.5.4.0.pack
                ARM.CMSIS.5.4.0
                CMSIS (Cortex Microcontroller Software Interface Standard)
   * Component: CORE Version: 5.1.2

<h2>Collection of Component include folders:</h2>
  .\RTE\_m3_for_arty_a7
  D:\Keil_v5\ARM\PACK\ARM\CMSIS\5.4.0\CMSIS\Core\Include
  D:\Keil_v5\ARM\PACK\ARM\CMSIS\5.4.0\Device\ARM\ARMCM3\Include

<h2>Collection of Component Files used:</h2>

   * Component: ARM::CMSIS:CORE:5.1.2
Build Time Elapsed:  00:00:04
</pre>
</body>
</html>
